<html>
<body>
<pre>
<h1>µVision Build Log</h1>
<h2>Tool Versions:</h2>
IDE-Version: µVision V5.31.0.0
Copyright (C) 2020 ARM Ltd and ARM Germany GmbH. All rights reserved.
License Information: sd Manh Tien, dsddsds, LIC=----
 
Tool Versions:
Toolchain:       MDK-Lite  Version: 5.31.0.0
Toolchain Path:  C:\Keil_v5\ARM\ARMCC\Bin
C Compiler:      Armcc.exe V5.06 update 6 (build 750)
Assembler:       Armasm.exe V5.06 update 6 (build 750)
Linker/Locator:  ArmLink.exe V5.06 update 6 (build 750)
Library Manager: ArmAr.exe V5.06 update 6 (build 750)
Hex Converter:   FromElf.exe V5.06 update 6 (build 750)
CPU DLL:         SARMCM3.DLL V5.31.0.0
Dialog DLL:      DCM.DLL V1.17.3.0
Target DLL:      STLink\ST-LINKIII-KEIL_SWO.dll V3.0.7.0
Dialog DLL:      TCM.DLL V1.46.0.0
 
<h2>Project:</h2>
F:\stm32\semianarnagcao\seminarstm\t\semianahai\seminar\MDK-ARM\seminar.uvprojx
Project File Date:  05/19/2023

<h2>Output:</h2>
*** Using Compiler 'V5.06 update 6 (build 750)', folder: 'C:\Keil_v5\ARM\ARMCC\Bin'
Rebuild target 'seminar'
assembling startup_stm32f103xb.s...
compiling stm32f1xx_it.c...
compiling main.c...
../App/thu.h(6): warning:  #1-D: last line of file ends without a newline
  #endif
../App/temparture_ci.h(5): warning:  #1295-D: Deprecated declaration temprature_hande - give arg types
  void temprature_hande();
../Core/Src/main.c: 2 warnings, 0 errors
compiling stm32f1xx_hal_msp.c...
compiling stm32f1xx_hal_timebase_tim.c...
compiling stm32f1xx_hal_gpio_ex.c...
compiling stm32f1xx_hal_tim.c...
compiling stm32f1xx_hal.c...
compiling stm32f1xx_hal_tim_ex.c...
compiling stm32f1xx_hal_rcc.c...
compiling stm32f1xx_hal_rcc_ex.c...
compiling stm32f1xx_hal_gpio.c...
compiling stm32f1xx_hal_dma.c...
compiling stm32f1xx_hal_cortex.c...
compiling stm32f1xx_hal_pwr.c...
compiling stm32f1xx_hal_flash.c...
compiling stm32f1xx_hal_flash_ex.c...
compiling stm32f1xx_hal_exti.c...
compiling stm32f1xx_hal_uart.c...
compiling system_stm32f1xx.c...
compiling cli_types.c...
compiling cli_command.c...
..\App\cli_command.c(48): warning:  #1-D: last line of file ends without a newline
  	
..\App\cli_command.c: 1 warning, 0 errors
compiling cli_command_table.c...
compiling delay_timer.c...
compiling DS18B20.c...
..\App\DS18B20.c(49): warning:  #188-D: enumerated type mixed with another type
  	HAL_GPIO_WritePin(DS18B20->PORT, DS18B20->Pin, Value);
..\App\DS18B20.c: 1 warning, 0 errors
compiling flash.c...
compiling gettempds18b20.c...
..\App\gettempds18b20.c(11): warning:  #940-D: missing return statement at end of non-void function "DS18B20_Gettemp" 
  }
..\App\gettempds18b20.c: 1 warning, 0 errors
compiling gettempeture_ci.c...
compiling response_ci.c...
compiling settemperature_ci.c...
compiling temparture_ci.c...
compiling uartc.c...
compiling gps_cli.c...
..\App\gps_cli.c(41): warning:  #940-D: missing return statement at end of non-void function "parseGpsData" 
  }
..\App\gps_cli.c: 1 warning, 0 errors
compiling ControlTemp.c...
linking...
Program Size: Code=23490 RO-data=966 RW-data=124 ZI-data=2372  
FromELF: creating hex file...
"seminar\seminar.axf" - 0 Error(s), 6 Warning(s).

<h2>Software Packages used:</h2>

Package Vendor: ARM
                http://www.keil.com/pack/ARM.CMSIS.5.9.0.pack
                ARM.CMSIS.5.9.0
                CMSIS (Common Microcontroller Software Interface Standard)
   * Component: CORE Version: 5.6.0

Package Vendor: Keil
                http://www.keil.com/pack/Keil.STM32F1xx_DFP.2.4.0.pack
                Keil.STM32F1xx_DFP.2.4.0
                STMicroelectronics STM32F1 Series Device Support, Drivers and Examples

<h2>Collection of Component include folders:</h2>
  .\RTE\_seminar
  C:\Users\Manh Tien\AppData\Local\Arm\Packs\ARM\CMSIS\5.9.0\CMSIS\Core\Include
  C:\Users\Manh Tien\AppData\Local\Arm\Packs\Keil\STM32F1xx_DFP\2.4.0\Device\Include

<h2>Collection of Component Files used:</h2>

   * Component: ARM::CMSIS:CORE:5.6.0
Build Time Elapsed:  00:01:35
</pre>
</body>
</html>
