Component: ARM Compiler 5.06 update 6 (build 750) Tool: armlink [4d35ed]

==============================================================================

Section Cross References

    startup_stm32f103xb.o(STACK) refers (Special) to heapauxi.o(.text) for __use_two_region_memory
    startup_stm32f103xb.o(HEAP) refers (Special) to heapauxi.o(.text) for __use_two_region_memory
    startup_stm32f103xb.o(RESET) refers (Special) to heapauxi.o(.text) for __use_two_region_memory
    startup_stm32f103xb.o(RESET) refers to startup_stm32f103xb.o(STACK) for __initial_sp
    startup_stm32f103xb.o(RESET) refers to startup_stm32f103xb.o(.text) for Reset_Handler
    startup_stm32f103xb.o(RESET) refers to stm32f1xx_it.o(i.NMI_Handler) for NMI_Handler
    startup_stm32f103xb.o(RESET) refers to stm32f1xx_it.o(i.HardFault_Handler) for HardFault_Handler
    startup_stm32f103xb.o(RESET) refers to stm32f1xx_it.o(i.MemManage_Handler) for MemManage_Handler
    startup_stm32f103xb.o(RESET) refers to stm32f1xx_it.o(i.BusFault_Handler) for BusFault_Handler
    startup_stm32f103xb.o(RESET) refers to stm32f1xx_it.o(i.UsageFault_Handler) for UsageFault_Handler
    startup_stm32f103xb.o(RESET) refers to stm32f1xx_it.o(i.SVC_Handler) for SVC_Handler
    startup_stm32f103xb.o(RESET) refers to stm32f1xx_it.o(i.DebugMon_Handler) for DebugMon_Handler
    startup_stm32f103xb.o(RESET) refers to stm32f1xx_it.o(i.PendSV_Handler) for PendSV_Handler
    startup_stm32f103xb.o(RESET) refers to stm32f1xx_it.o(i.SysTick_Handler) for SysTick_Handler
    startup_stm32f103xb.o(RESET) refers to stm32f1xx_it.o(i.TIM4_IRQHandler) for TIM4_IRQHandler
    startup_stm32f103xb.o(RESET) refers to stm32f1xx_it.o(i.USART1_IRQHandler) for USART1_IRQHandler
    startup_stm32f103xb.o(RESET) refers to stm32f1xx_it.o(i.USART2_IRQHandler) for USART2_IRQHandler
    startup_stm32f103xb.o(RESET) refers to stm32f1xx_it.o(i.USART3_IRQHandler) for USART3_IRQHandler
    startup_stm32f103xb.o(.text) refers (Special) to heapauxi.o(.text) for __use_two_region_memory
    startup_stm32f103xb.o(.text) refers to system_stm32f1xx.o(i.SystemInit) for SystemInit
    startup_stm32f103xb.o(.text) refers to __main.o(!!!main) for __main
    startup_stm32f103xb.o(.text) refers to startup_stm32f103xb.o(HEAP) for Heap_Mem
    startup_stm32f103xb.o(.text) refers to startup_stm32f103xb.o(STACK) for Stack_Mem
    main.o(i.HAL_TIM_PeriodElapsedCallback) refers to stm32f1xx_hal.o(i.HAL_IncTick) for HAL_IncTick
    main.o(i.HAL_UART_RxCpltCallback) refers to uartc.o(i.receivedata) for receivedata
    main.o(i.HAL_UART_RxCpltCallback) refers to stm32f1xx_hal_uart.o(i.HAL_UART_Receive_IT) for HAL_UART_Receive_IT
    main.o(i.HAL_UART_RxCpltCallback) refers to main.o(.bss) for .bss
    main.o(i.HAL_UART_RxCpltCallback) refers to main.o(.data) for .data
    main.o(i.MX_GPIO_Init) refers to stm32f1xx_hal_gpio.o(i.HAL_GPIO_WritePin) for HAL_GPIO_WritePin
    main.o(i.MX_GPIO_Init) refers to stm32f1xx_hal_gpio.o(i.HAL_GPIO_Init) for HAL_GPIO_Init
    main.o(i.MX_TIM1_Init) refers to stm32f1xx_hal_tim.o(i.HAL_TIM_Base_Init) for HAL_TIM_Base_Init
    main.o(i.MX_TIM1_Init) refers to stm32f1xx_hal_tim.o(i.HAL_TIM_ConfigClockSource) for HAL_TIM_ConfigClockSource
    main.o(i.MX_TIM1_Init) refers to stm32f1xx_hal_tim_ex.o(i.HAL_TIMEx_MasterConfigSynchronization) for HAL_TIMEx_MasterConfigSynchronization
    main.o(i.MX_TIM1_Init) refers to main.o(.bss) for .bss
    main.o(i.SystemClock_Config) refers to rt_memclr_w.o(.text) for __aeabi_memclr4
    main.o(i.SystemClock_Config) refers to stm32f1xx_hal_rcc.o(i.HAL_RCC_OscConfig) for HAL_RCC_OscConfig
    main.o(i.SystemClock_Config) refers to stm32f1xx_hal_rcc.o(i.HAL_RCC_ClockConfig) for HAL_RCC_ClockConfig
    main.o(i.main) refers to stm32f1xx_hal.o(i.HAL_Init) for HAL_Init
    main.o(i.main) refers to main.o(i.SystemClock_Config) for SystemClock_Config
    main.o(i.main) refers to main.o(i.MX_GPIO_Init) for MX_GPIO_Init
    main.o(i.main) refers to stm32f1xx_hal_uart.o(i.HAL_UART_Init) for HAL_UART_Init
    main.o(i.main) refers to main.o(i.MX_TIM1_Init) for MX_TIM1_Init
    main.o(i.main) refers to response_ci.o(i.response_init1) for response_init1
    main.o(i.main) refers to response_ci.o(i.response_init2) for response_init2
    main.o(i.main) refers to stm32f1xx_hal_uart.o(i.HAL_UART_Receive_IT) for HAL_UART_Receive_IT
    main.o(i.main) refers to uartc.o(i.uart_handle) for uart_handle
    main.o(i.main) refers to main.o(i.readNeo6MData) for readNeo6MData
    main.o(i.main) refers to gps_cli.o(i.parseGpsData) for parseGpsData
    main.o(i.main) refers to temparture_ci.o(i.temprature_hande) for temprature_hande
    main.o(i.main) refers to stm32f1xx_hal.o(i.HAL_Delay) for HAL_Delay
    main.o(i.main) refers to main.o(.bss) for .bss
    main.o(i.main) refers to main.o(.data) for .data
    main.o(i.readNeo6MData) refers to stm32f1xx_hal_uart.o(i.HAL_UART_Receive) for HAL_UART_Receive
    main.o(i.readNeo6MData) refers to main.o(.bss) for .bss
[...]
    _printf_a                                0x0800017f   Thumb Code     0  _printf_a.o(.ARM.Collect$$_printf_percent$$00000006)
    _printf_ll                               0x08000185   Thumb Code     0  _printf_ll.o(.ARM.Collect$$_printf_percent$$00000007)
    _printf_i                                0x0800018f   Thumb Code     0  _printf_i.o(.ARM.Collect$$_printf_percent$$00000008)
    _printf_d                                0x08000195   Thumb Code     0  _printf_d.o(.ARM.Collect$$_printf_percent$$00000009)
    _printf_u                                0x0800019b   Thumb Code     0  _printf_u.o(.ARM.Collect$$_printf_percent$$0000000A)
    _printf_o                                0x080001a1   Thumb Code     0  _printf_o.o(.ARM.Collect$$_printf_percent$$0000000B)
    _printf_x                                0x080001a7   Thumb Code     0  _printf_x.o(.ARM.Collect$$_printf_percent$$0000000C)
    _printf_lli                              0x080001ad   Thumb Code     0  _printf_lli.o(.ARM.Collect$$_printf_percent$$0000000D)
    _printf_lld                              0x080001b3   Thumb Code     0  _printf_lld.o(.ARM.Collect$$_printf_percent$$0000000E)
    _printf_llu                              0x080001b9   Thumb Code     0  _printf_llu.o(.ARM.Collect$$_printf_percent$$0000000F)
    _printf_llo                              0x080001bf   Thumb Code     0  _printf_llo.o(.ARM.Collect$$_printf_percent$$00000010)
    _printf_llx                              0x080001c5   Thumb Code     0  _printf_llx.o(.ARM.Collect$$_printf_percent$$00000011)
    _printf_l                                0x080001cb   Thumb Code     0  _printf_l.o(.ARM.Collect$$_printf_percent$$00000012)
    _printf_c                                0x080001d5   Thumb Code     0  _printf_c.o(.ARM.Collect$$_printf_percent$$00000013)
    _printf_s                                0x080001db   Thumb Code     0  _printf_s.o(.ARM.Collect$$_printf_percent$$00000014)
    _printf_lc                               0x080001e1   Thumb Code     0  _printf_lc.o(.ARM.Collect$$_printf_percent$$00000015)
    _printf_ls                               0x080001e7   Thumb Code     0  _printf_ls.o(.ARM.Collect$$_printf_percent$$00000016)
    _printf_percent_end                      0x080001ed   Thumb Code     0  _printf_percent_end.o(.ARM.Collect$$_printf_percent$$00000017)
    __rt_lib_init                            0x080001f1   Thumb Code     0  libinit.o(.ARM.Collect$$libinit$$00000000)
    __rt_lib_init_fp_1                       0x080001f3   Thumb Code     0  libinit2.o(.ARM.Collect$$libinit$$00000002)
    __rt_lib_init_heap_1                     0x080001f3   Thumb Code     0  libinit2.o(.ARM.Collect$$libinit$$0000000A)
    __rt_lib_init_lc_common                  0x080001f3   Thumb Code     0  libinit2.o(.ARM.Collect$$libinit$$0000000F)
    __rt_lib_init_preinit_1                  0x080001f3   Thumb Code     0  libinit2.o(.ARM.Collect$$libinit$$00000004)
    __rt_lib_init_rand_1                     0x080001f3   Thumb Code     0  libinit2.o(.ARM.Collect$$libinit$$0000000E)
    __rt_lib_init_user_alloc_1               0x080001f3   Thumb Code     0  libinit2.o(.ARM.Collect$$libinit$$0000000C)
    __rt_lib_init_lc_collate_1               0x080001f9   Thumb Code     0  libinit2.o(.ARM.Collect$$libinit$$00000011)
    __rt_lib_init_lc_ctype_2                 0x080001f9   Thumb Code     0  libinit2.o(.ARM.Collect$$libinit$$00000012)
    __rt_lib_init_lc_ctype_1                 0x08000205   Thumb Code     0  libinit2.o(.ARM.Collect$$libinit$$00000013)
    __rt_lib_init_lc_monetary_1              0x08000205   Thumb Code     0  libinit2.o(.ARM.Collect$$libinit$$00000015)
    __rt_lib_init_lc_numeric_2               0x08000205   Thumb Code     0  libinit2.o(.ARM.Collect$$libinit$$00000016)
    __rt_lib_init_alloca_1                   0x0800020f   Thumb Code     0  libinit2.o(.ARM.Collect$$libinit$$0000002E)
    __rt_lib_init_argv_1                     0x0800020f   Thumb Code     0  libinit2.o(.ARM.Collect$$libinit$$0000002C)
    __rt_lib_init_atexit_1                   0x0800020f   Thumb Code     0  libinit2.o(.ARM.Collect$$libinit$$0000001B)
    __rt_lib_init_clock_1                    0x0800020f   Thumb Code     0  libinit2.o(.ARM.Collect$$libinit$$00000021)
    __rt_lib_init_cpp_1                      0x0800020f   Thumb Code     0  libinit2.o(.ARM.Collect$$libinit$$00000032)
    __rt_lib_init_exceptions_1               0x0800020f   Thumb Code     0  libinit2.o(.ARM.Collect$$libinit$$00000030)
    __rt_lib_init_fp_trap_1                  0x0800020f   Thumb Code     0  libinit2.o(.ARM.Collect$$libinit$$0000001F)
    __rt_lib_init_getenv_1                   0x0800020f   Thumb Code     0  libinit2.o(.ARM.Collect$$libinit$$00000023)
    __rt_lib_init_lc_numeric_1               0x0800020f   Thumb Code     0  libinit2.o(.ARM.Collect$$libinit$$00000017)
    __rt_lib_init_lc_time_1                  0x0800020f   Thumb Code     0  libinit2.o(.ARM.Collect$$libinit$$00000019)
    __rt_lib_init_return                     0x0800020f   Thumb Code     0  libinit2.o(.ARM.Collect$$libinit$$00000033)
    __rt_lib_init_signal_1                   0x0800020f   Thumb Code     0  libinit2.o(.ARM.Collect$$libinit$$0000001D)
    __rt_lib_init_stdio_1                    0x0800020f   Thumb Code     0  libinit2.o(.ARM.Collect$$libinit$$00000025)
    __rt_lib_shutdown                        0x08000211   Thumb Code     0  libshutdown.o(.ARM.Collect$$libshutdown$$00000000)
    __rt_lib_shutdown_cpp_1                  0x08000213   Thumb Code     0  libshutdown2.o(.ARM.Collect$$libshutdown$$00000002)
    __rt_lib_shutdown_fp_trap_1              0x08000213   Thumb Code     0  libshutdown2.o(.ARM.Collect$$libshutdown$$00000007)
    __rt_lib_shutdown_heap_1                 0x08000213   Thumb Code     0  libshutdown2.o(.ARM.Collect$$libshutdown$$0000000F)
    __rt_lib_shutdown_return                 0x08000213   Thumb Code     0  libshutdown2.o(.ARM.Collect$$libshutdown$$00000010)
    __rt_lib_shutdown_signal_1               0x08000213   Thumb Code     0  libshutdown2.o(.ARM.Collect$$libshutdown$$0000000A)
    __rt_lib_shutdown_stdio_1                0x08000213   Thumb Code     0  libshutdown2.o(.ARM.Collect$$libshutdown$$00000004)
    __rt_lib_shutdown_user_alloc_1           0x08000213   Thumb Code     0  libshutdown2.o(.ARM.Collect$$libshutdown$$0000000C)
    __rt_entry                               0x08000215   Thumb Code     0  __rtentry.o(.ARM.Collect$$rtentry$$00000000)
    __rt_entry_presh_1                       0x08000215   Thumb Code     0  __rtentry2.o(.ARM.Collect$$rtentry$$00000002)
    __rt_entry_sh                            0x08000215   Thumb Code     0  __rtentry4.o(.ARM.Collect$$rtentry$$00000004)
    __rt_entry_li                            0x0800021b   Thumb Code     0  __rtentry2.o(.ARM.Collect$$rtentry$$0000000A)
    __rt_entry_postsh_1                      0x0800021b   Thumb Code     0  __rtentry2.o(.ARM.Collect$$rtentry$$00000009)
    __rt_entry_main                          0x0800021f   Thumb Code     0  __rtentry2.o(.ARM.Collect$$rtentry$$0000000D)
    __rt_entry_postli_1                      0x0800021f   Thumb Code     0  __rtentry2.o(.ARM.Collect$$rtentry$$0000000C)
    __rt_exit                                0x08000227   Thumb Code     0  rtexit.o(.ARM.Collect$$rtexit$$00000000)
    __rt_exit_ls                             0x08000229   Thumb Code     0  rtexit2.o(.ARM.Collect$$rtexit$$00000003)
    __rt_exit_prels_1                        0x08000229   Thumb Code     0  rtexit2.o(.ARM.Collect$$rtexit$$00000002)
    __rt_exit_exit                           0x0800022d   Thumb Code     0  rtexit2.o(.ARM.Collect$$rtexit$$00000004)
    Reset_Handler                            0x08000235   Thumb Code     8  startup_stm32f103xb.o(.text)
    ADC1_2_IRQHandler                        0x0800024f   Thumb Code     0  startup_stm32f103xb.o(.text)
    CAN1_RX1_IRQHandler                      0x0800024f   Thumb Code     0  startup_stm32f103xb.o(.text)
    CAN1_SCE_IRQHandler                      0x0800024f   Thumb Code     0  startup_stm32f103xb.o(.text)
    DMA1_Channel1_IRQHandler                 0x0800024f   Thumb Code     0  startup_stm32f103xb.o(.text)
    DMA1_Channel2_IRQHandler                 0x0800024f   Thumb Code     0  startup_stm32f103xb.o(.text)
    DMA1_Channel3_IRQHandler                 0x0800024f   Thumb Code     0  startup_stm32f103xb.o(.text)
    DMA1_Channel4_IRQHandler                 0x0800024f   Thumb Code     0  startup_stm32f103xb.o(.text)
    DMA1_Channel5_IRQHandler                 0x0800024f   Thumb Code     0  startup_stm32f103xb.o(.text)
    DMA1_Channel6_IRQHandler                 0x0800024f   Thumb Code     0  startup_stm32f103xb.o(.text)
    DMA1_Channel7_IRQHandler                 0x0800024f   Thumb Code     0  startup_stm32f103xb.o(.text)
    EXTI0_IRQHandler                         0x0800024f   Thumb Code     0  startup_stm32f103xb.o(.text)
    EXTI15_10_IRQHandler                     0x0800024f   Thumb Code     0  startup_stm32f103xb.o(.text)
    EXTI1_IRQHandler                         0x0800024f   Thumb Code     0  startup_stm32f103xb.o(.text)
    EXTI2_IRQHandler                         0x0800024f   Thumb Code     0  startup_stm32f103xb.o(.text)
    EXTI3_IRQHandler                         0x0800024f   Thumb Code     0  startup_stm32f103xb.o(.text)
    EXTI4_IRQHandler                         0x0800024f   Thumb Code     0  startup_stm32f103xb.o(.text)
    EXTI9_5_IRQHandler                       0x0800024f   Thumb Code     0  startup_stm32f103xb.o(.text)
    FLASH_IRQHandler                         0x0800024f   Thumb Code     0  startup_stm32f103xb.o(.text)
    I2C1_ER_IRQHandler                       0x0800024f   Thumb Code     0  startup_stm32f103xb.o(.text)
    I2C1_EV_IRQHandler                       0x0800024f   Thumb Code     0  startup_stm32f103xb.o(.text)
    I2C2_ER_IRQHandler                       0x0800024f   Thumb Code     0  startup_stm32f103xb.o(.text)
    I2C2_EV_IRQHandler                       0x0800024f   Thumb Code     0  startup_stm32f103xb.o(.text)
    PVD_IRQHandler                           0x0800024f   Thumb Code     0  startup_stm32f103xb.o(.text)
    RCC_IRQHandler                           0x0800024f   Thumb Code     0  startup_stm32f103xb.o(.text)
    RTC_Alarm_IRQHandler                     0x0800024f   Thumb Code     0  startup_stm32f103xb.o(.text)
    RTC_IRQHandler                           0x0800024f   Thumb Code     0  startup_stm32f103xb.o(.text)
    SPI1_IRQHandler                          0x0800024f   Thumb Code     0  startup_stm32f103xb.o(.text)
    SPI2_IRQHandler                          0x0800024f   Thumb Code     0  startup_stm32f103xb.o(.text)
    TAMPER_IRQHandler                        0x0800024f   Thumb Code     0  startup_stm32f103xb.o(.text)
    TIM1_BRK_IRQHandler                      0x0800024f   Thumb Code     0  startup_stm32f103xb.o(.text)
    TIM1_CC_IRQHandler                       0x0800024f   Thumb Code     0  startup_stm32f103xb.o(.text)
    TIM1_TRG_COM_IRQHandler                  0x0800024f   Thumb Code     0  startup_stm32f103xb.o(.text)
    TIM1_UP_IRQHandler                       0x0800024f   Thumb Code     0  startup_stm32f103xb.o(.text)
    TIM2_IRQHandler                          0x0800024f   Thumb Code     0  startup_stm32f103xb.o(.text)
    TIM3_IRQHandler                          0x0800024f   Thumb Code     0  startup_stm32f103xb.o(.text)
    USBWakeUp_IRQHandler                     0x0800024f   Thumb Code     0  startup_stm32f103xb.o(.text)
    USB_HP_CAN1_TX_IRQHandler                0x0800024f   Thumb Code     0  startup_stm32f103xb.o(.text)
    USB_LP_CAN1_RX0_IRQHandler               0x0800024f   Thumb Code     0  startup_stm32f103xb.o(.text)
    WWDG_IRQHandler                          0x0800024f   Thumb Code     0  startup_stm32f103xb.o(.text)
    __user_initial_stackheap                 0x08000251   Thumb Code     0  startup_stm32f103xb.o(.text)
    __aeabi_llsr                             0x08000275   Thumb Code     0  llushr.o(.text)
    _ll_ushift_r                             0x08000275   Thumb Code    38  llushr.o(.text)
    vsprintf                                 0x0800029d   Thumb Code    32  vsprintf.o(.text)
    atoi                                     0x080002c1   Thumb Code    26  atoi.o(.text)
    strtok                                   0x080002dd   Thumb Code     6  strtok.o(.text)
    strstr                                   0x080002e9   Thumb Code    36  strstr.o(.text)
    strlen                                   0x0800030d   Thumb Code    62  strlen.o(.text)
    __aeabi_memclr4                          0x0800034b   Thumb Code     0  rt_memclr_w.o(.text)
    __aeabi_memclr8                          0x0800034b   Thumb Code     0  rt_memclr_w.o(.text)
    __rt_memclr_w                            0x0800034b   Thumb Code    78  rt_memclr_w.o(.text)
    _memset_w                                0x0800034f   Thumb Code     0  rt_memclr_w.o(.text)
    strncpy                                  0x08000399   Thumb Code    86  strncpy.o(.text)
    strcmp                                   0x080003f1   Thumb Code   128  strcmpv7m.o(.text)
    __use_two_region_memory                  0x08000471   Thumb Code     2  heapauxi.o(.text)
    __rt_heap_escrow$2region                 0x08000473   Thumb Code     2  heapauxi.o(.text)
    __rt_heap_expand$2region                 0x08000475   Thumb Code     2  heapauxi.o(.text)
    __aeabi_errno_addr                       0x08000479   Thumb Code     8  rt_errno_addr_intlibspace.o(.text)
    __errno$intlibspace                      0x08000479   Thumb Code     0  rt_errno_addr_intlibspace.o(.text)
    __rt_errno_addr$intlibspace              0x08000479   Thumb Code     0  rt_errno_addr_intlibspace.o(.text)
    _printf_pre_padding                      0x08000481   Thumb Code    44  _printf_pad.o(.text)
    _printf_post_padding                     0x080004ad   Thumb Code    34  _printf_pad.o(.text)
    _printf_truncate_signed                  0x080004cf   Thumb Code    18  _printf_truncate.o(.text)
    _printf_truncate_unsigned                0x080004e1   Thumb Code    18  _printf_truncate.o(.text)
    _printf_str                              0x080004f3   Thumb Code    82  _printf_str.o(.text)
    _printf_int_dec                          0x08000545   Thumb Code   104  _printf_dec.o(.text)
    _printf_charcount                        0x080005bd   Thumb Code    40  _printf_charcount.o(.text)
    _printf_char_common                      0x080005ef   Thumb Code    32  _printf_char_common.o(.text)
    _sputc                                   0x08000615   Thumb Code    10  _sputc.o(.text)
    _printf_wctomb                           0x08000621   Thumb Code   182  _printf_wctomb.o(.text)
    _printf_longlong_dec                     0x080006dd   Thumb Code   108  _printf_longlong_dec.o(.text)
    _printf_longlong_oct                     0x08000759   Thumb Code    66  _printf_oct_int_ll.o(.text)
    _printf_int_oct                          0x0800079b   Thumb Code    24  _printf_oct_int_ll.o(.text)
    _printf_ll_oct                           0x080007b3   Thumb Code    12  _printf_oct_int_ll.o(.text)
    _printf_longlong_hex                     0x080007c9   Thumb Code    86  _printf_hex_int_ll_ptr.o(.text)
    _printf_int_hex                          0x0800081f   Thumb Code    28  _printf_hex_int_ll_ptr.o(.text)
    _printf_ll_hex                           0x0800083b   Thumb Code    12  _printf_hex_int_ll_ptr.o(.text)
    _printf_hex_ptr                          0x08000847   Thumb Code    18  _printf_hex_int_ll_ptr.o(.text)
    __printf                                 0x0800085d   Thumb Code   388  __printf_flags_ss_wp.o(.text)
    __strtof_int                             0x080009e5   Thumb Code    26  strtof.o(.text)
    strtol                                   0x080009ff   Thumb Code   112  strtol.o(.text)
    __strtok_internal                        0x08000a71   Thumb Code    64  strtok_int.o(.text)
    __aeabi_memclr                           0x08000ab5   Thumb Code     0  rt_memclr.o(.text)
    __rt_memclr                              0x08000ab5   Thumb Code    68  rt_memclr.o(.text)
    _memset                                  0x08000ab9   Thumb Code     0  rt_memclr.o(.text)
    __user_libspace                          0x08000af9   Thumb Code     8  libspace.o(.text)
    __user_perproc_libspace                  0x08000af9   Thumb Code     0  libspace.o(.text)
    __user_perthread_libspace                0x08000af9   Thumb Code     0  libspace.o(.text)
    __rt_ctype_table                         0x08000b01   Thumb Code    16  rt_ctype_table.o(.text)
    _ll_udiv10                               0x08000b11   Thumb Code   138  lludiv10.o(.text)
    _printf_int_common                       0x08000b9b   Thumb Code   178  _printf_intcommon.o(.text)
    __lib_sel_fp_printf                      0x08000c4d   Thumb Code     2  _printf_fp_dec.o(.text)
    _printf_fp_dec_real                      0x08000dff   Thumb Code   620  _printf_fp_dec.o(.text)
    _printf_fp_hex_real                      0x0800106d   Thumb Code   756  _printf_fp_hex.o(.text)
    _printf_cs_common                        0x08001369   Thumb Code    20  _printf_char.o(.text)
    _printf_char                             0x0800137d   Thumb Code    16  _printf_char.o(.text)
    _printf_string                           0x0800138d   Thumb Code     8  _printf_char.o(.text)
    _printf_lcs_common                       0x08001395   Thumb Code    20  _printf_wchar.o(.text)
    _printf_wchar                            0x080013a9   Thumb Code    16  _printf_wchar.o(.text)
    _printf_wstring                          0x080013b9   Thumb Code     8  _printf_wchar.o(.text)
    _strtoul                                 0x080013c1   Thumb Code   158  _strtoul.o(.text)
    __strtod_int                             0x0800149d   Thumb Code    90  strtod.o(.text)
    _wcrtomb                                 0x08001505   Thumb Code    64  _wcrtomb.o(.text)
    strcspn                                  0x08001545   Thumb Code    32  strcspn.o(.text)
    strspn                                   0x08001565   Thumb Code    28  strspn.o(.text)
    __user_setup_stackheap                   0x08001581   Thumb Code    74  sys_stackheap_outer.o(.text)
    __rt_locale                              0x080015cd   Thumb Code     8  rt_locale_intlibspace.o(.text)
    __read_errno                             0x080015d5   Thumb Code    10  _rserrno.o(.text)
    __set_errno                              0x080015df   Thumb Code    12  _rserrno.o(.text)
    isspace                                  0x080015eb   Thumb Code    18  isspace.o(.text)
    _printf_fp_infnan                        0x080015fd   Thumb Code   112  _printf_fp_infnan.o(.text)
    _chval                                   0x0800167d   Thumb Code    28  _chval.o(.text)
    _sgetc                                   0x08001699   Thumb Code    30  _sgetc.o(.text)
    _sbackspace                              0x080016b7   Thumb Code    34  _sgetc.o(.text)
    _btod_etento                             0x080016d9   Thumb Code   224  bigflt0.o(.text)
    exit                                     0x080017bd   Thumb Code    18  exit.o(.text)
    _scanf_really_real                       0x08001a1d   Thumb Code   684  scanf_fp.o(.text)
    _sys_exit                                0x08001cc9   Thumb Code     8  sys_exit.o(.text)
    _scanf_really_hex_real                   0x08001cd5   Thumb Code   786  scanf_hexfp.o(.text)
    _scanf_really_infnan                     0x08001ff5   Thumb Code   292  scanf_infnan.o(.text)
    __I$use$semihosting                      0x08002129   Thumb Code     0  use_no_semi.o(.text)
    __use_no_semihosting_swi                 0x08002129   Thumb Code     2  use_no_semi.o(.text)
    __aeabi_llsl                             0x0800212b   Thumb Code     0  llshl.o(.text)
    __semihosting_library_function           0x0800212b   Thumb Code     0  indicate_semi.o(.text)
    _ll_shift_l                              0x0800212b   Thumb Code    38  llshl.o(.text)
    _btod_d2e                                0x08002151   Thumb Code    62  btod.o(CL$$btod_d2e)
    _d2e_denorm_low                          0x0800218f   Thumb Code    70  btod.o(CL$$btod_d2e_denorm_low)
    _d2e_norm_op1                            0x080021d5   Thumb Code    96  btod.o(CL$$btod_d2e_norm_op1)
    __btod_div_common                        0x08002235   Thumb Code   696  btod.o(CL$$btod_div_common)
    _e2d                                     0x0800256d   Thumb Code   122  btod.o(CL$$btod_e2d)
    _e2e                                     0x080025f1   Thumb Code   220  btod.o(CL$$btod_e2e)
    _btod_ediv                               0x080026cd   Thumb Code    42  btod.o(CL$$btod_ediv)
    _btod_edivd                              0x080026f7   Thumb Code    42  btod.o(CL$$btod_edivd)
    _btod_emul                               0x08002721   Thumb Code    42  btod.o(CL$$btod_emul)
    _btod_emuld                              0x0800274b   Thumb Code    42  btod.o(CL$$btod_emuld)
    __btod_mult_common                       0x08002775   Thumb Code   580  btod.o(CL$$btod_mult_common)
    BusFault_Handler                         0x080029b9   Thumb Code     2  stm32f1xx_it.o(i.BusFault_Handler)
    DELAY_TIM_Init                           0x080029bb   Thumb Code     4  delay_timer.o(i.DELAY_TIM_Init)
    DELAY_TIM_Ms                             0x080029bf   Thumb Code    30  delay_timer.o(i.DELAY_TIM_Ms)
    DELAY_TIM_Us                             0x080029dd   Thumb Code    16  delay_timer.o(i.DELAY_TIM_Us)
    DS18B20_Gettemp                          0x080029f9   Thumb Code    26  gettempds18b20.o(i.DS18B20_Gettemp)
    DS18B20_Init                             0x08002a1d   Thumb Code    16  ds18b20.o(i.DS18B20_Init)
    DS18B20_ReadTemp                         0x08002a85   Thumb Code    98  ds18b20.o(i.DS18B20_ReadTemp)
    DebugMon_Handler                         0x08002bd7   Thumb Code     2  stm32f1xx_it.o(i.DebugMon_Handler)
    FLASH_PageErase                          0x08002bfd   Thumb Code    28  stm32f1xx_hal_flash_ex.o(i.FLASH_PageErase)
    FLASH_WaitForLastOperation               0x08002c99   Thumb Code    80  stm32f1xx_hal_flash.o(i.FLASH_WaitForLastOperation)
    HAL_DMA_Abort                            0x08002ced   Thumb Code    70  stm32f1xx_hal_dma.o(i.HAL_DMA_Abort)
    HAL_DMA_Abort_IT                         0x08002d35   Thumb Code   148  stm32f1xx_hal_dma.o(i.HAL_DMA_Abort_IT)
    HAL_Delay                                0x08002dcd   Thumb Code    32  stm32f1xx_hal.o(i.HAL_Delay)
    HAL_FLASHEx_Erase                        0x08002df1   Thumb Code   160  stm32f1xx_hal_flash_ex.o(i.HAL_FLASHEx_Erase)
    HAL_FLASH_Lock                           0x08002e99   Thumb Code    14  stm32f1xx_hal_flash.o(i.HAL_FLASH_Lock)
    HAL_FLASH_Program                        0x08002ead   Thumb Code   120  stm32f1xx_hal_flash.o(i.HAL_FLASH_Program)
    HAL_FLASH_Unlock                         0x08002f2d   Thumb Code    28  stm32f1xx_hal_flash.o(i.HAL_FLASH_Unlock)
    HAL_GPIO_Init                            0x08002f55   Thumb Code   446  stm32f1xx_hal_gpio.o(i.HAL_GPIO_Init)
    HAL_GPIO_ReadPin                         0x08003135   Thumb Code    10  stm32f1xx_hal_gpio.o(i.HAL_GPIO_ReadPin)
    HAL_GPIO_WritePin                        0x0800313f   Thumb Code    10  stm32f1xx_hal_gpio.o(i.HAL_GPIO_WritePin)
    HAL_GetTick                              0x08003149   Thumb Code     6  stm32f1xx_hal.o(i.HAL_GetTick)
    HAL_IncTick                              0x08003155   Thumb Code    12  stm32f1xx_hal.o(i.HAL_IncTick)
    HAL_Init                                 0x08003165   Thumb Code    32  stm32f1xx_hal.o(i.HAL_Init)
    HAL_InitTick                             0x08003189   Thumb Code   132  stm32f1xx_hal_timebase_tim.o(i.HAL_InitTick)
    HAL_MspInit                              0x08003221   Thumb Code    52  stm32f1xx_hal_msp.o(i.HAL_MspInit)
    HAL_NVIC_EnableIRQ                       0x0800325d   Thumb Code    26  stm32f1xx_hal_cortex.o(i.HAL_NVIC_EnableIRQ)
    HAL_NVIC_SetPriority                     0x08003279   Thumb Code    60  stm32f1xx_hal_cortex.o(i.HAL_NVIC_SetPriority)
    HAL_NVIC_SetPriorityGrouping             0x080032b9   Thumb Code    26  stm32f1xx_hal_cortex.o(i.HAL_NVIC_SetPriorityGrouping)
    HAL_RCC_ClockConfig                      0x080032dd   Thumb Code   280  stm32f1xx_hal_rcc.o(i.HAL_RCC_ClockConfig)
    HAL_RCC_GetClockConfig                   0x08003409   Thumb Code    54  stm32f1xx_hal_rcc.o(i.HAL_RCC_GetClockConfig)
    HAL_RCC_GetPCLK1Freq                     0x08003449   Thumb Code    20  stm32f1xx_hal_rcc.o(i.HAL_RCC_GetPCLK1Freq)
    HAL_RCC_GetPCLK2Freq                     0x08003469   Thumb Code    20  stm32f1xx_hal_rcc.o(i.HAL_RCC_GetPCLK2Freq)
    HAL_RCC_GetSysClockFreq                  0x08003489   Thumb Code    74  stm32f1xx_hal_rcc.o(i.HAL_RCC_GetSysClockFreq)
    HAL_RCC_OscConfig                        0x080034f5   Thumb Code   778  stm32f1xx_hal_rcc.o(i.HAL_RCC_OscConfig)
    HAL_TIMEx_BreakCallback                  0x08003815   Thumb Code     2  stm32f1xx_hal_tim_ex.o(i.HAL_TIMEx_BreakCallback)
    HAL_TIMEx_CommutCallback                 0x08003817   Thumb Code     2  stm32f1xx_hal_tim_ex.o(i.HAL_TIMEx_CommutCallback)
    HAL_TIMEx_MasterConfigSynchronization    0x08003819   Thumb Code    92  stm32f1xx_hal_tim_ex.o(i.HAL_TIMEx_MasterConfigSynchronization)
    HAL_TIM_Base_Init                        0x08003881   Thumb Code    90  stm32f1xx_hal_tim.o(i.HAL_TIM_Base_Init)
    HAL_TIM_Base_MspInit                     0x080038dd   Thumb Code    30  stm32f1xx_hal_msp.o(i.HAL_TIM_Base_MspInit)
    HAL_TIM_Base_Start                       0x08003905   Thumb Code    66  stm32f1xx_hal_tim.o(i.HAL_TIM_Base_Start)
    HAL_TIM_Base_Start_IT                    0x08003955   Thumb Code    76  stm32f1xx_hal_tim.o(i.HAL_TIM_Base_Start_IT)
    HAL_TIM_ConfigClockSource                0x080039ad   Thumb Code   214  stm32f1xx_hal_tim.o(i.HAL_TIM_ConfigClockSource)
    HAL_TIM_IC_CaptureCallback               0x08003a83   Thumb Code     2  stm32f1xx_hal_tim.o(i.HAL_TIM_IC_CaptureCallback)
    HAL_TIM_IRQHandler                       0x08003a85   Thumb Code   358  stm32f1xx_hal_tim.o(i.HAL_TIM_IRQHandler)
    HAL_TIM_OC_DelayElapsedCallback          0x08003beb   Thumb Code     2  stm32f1xx_hal_tim.o(i.HAL_TIM_OC_DelayElapsedCallback)
    HAL_TIM_PWM_PulseFinishedCallback        0x08003bed   Thumb Code     2  stm32f1xx_hal_tim.o(i.HAL_TIM_PWM_PulseFinishedCallback)
    HAL_TIM_PeriodElapsedCallback            0x08003bf1   Thumb Code    14  main.o(i.HAL_TIM_PeriodElapsedCallback)
    HAL_TIM_TriggerCallback                  0x08003c05   Thumb Code     2  stm32f1xx_hal_tim.o(i.HAL_TIM_TriggerCallback)
    HAL_UARTEx_RxEventCallback               0x08003c07   Thumb Code     2  stm32f1xx_hal_uart.o(i.HAL_UARTEx_RxEventCallback)
    HAL_UART_ErrorCallback                   0x08003c09   Thumb Code     2  stm32f1xx_hal_uart.o(i.HAL_UART_ErrorCallback)
    HAL_UART_IRQHandler                      0x08003c0d   Thumb Code   520  stm32f1xx_hal_uart.o(i.HAL_UART_IRQHandler)
    HAL_UART_Init                            0x08003e19   Thumb Code    98  stm32f1xx_hal_uart.o(i.HAL_UART_Init)
    HAL_UART_MspInit                         0x08003e7d   Thumb Code   282  stm32f1xx_hal_msp.o(i.HAL_UART_MspInit)
    HAL_UART_Receive                         0x08003fb1   Thumb Code   192  stm32f1xx_hal_uart.o(i.HAL_UART_Receive)
    HAL_UART_Receive_IT                      0x08004071   Thumb Code    42  stm32f1xx_hal_uart.o(i.HAL_UART_Receive_IT)
    HAL_UART_RxCpltCallback                  0x0800409d   Thumb Code    68  main.o(i.HAL_UART_RxCpltCallback)
    HAL_UART_Transmit                        0x080040e9   Thumb Code   178  stm32f1xx_hal_uart.o(i.HAL_UART_Transmit)
    HAL_UART_TxCpltCallback                  0x0800419b   Thumb Code     2  stm32f1xx_hal_uart.o(i.HAL_UART_TxCpltCallback)
    HardFault_Handler                        0x0800419d   Thumb Code     2  stm32f1xx_it.o(i.HardFault_Handler)
    MemManage_Handler                        0x08004279   Thumb Code     2  stm32f1xx_it.o(i.MemManage_Handler)
    NMI_Handler                              0x0800427b   Thumb Code     2  stm32f1xx_it.o(i.NMI_Handler)
    PendSV_Handler                           0x0800427d   Thumb Code     2  stm32f1xx_it.o(i.PendSV_Handler)
    SVC_Handler                              0x0800427f   Thumb Code     2  stm32f1xx_it.o(i.SVC_Handler)
    SysTick_Handler                          0x08004281   Thumb Code     2  stm32f1xx_it.o(i.SysTick_Handler)
    SystemClock_Config                       0x08004283   Thumb Code    94  main.o(i.SystemClock_Config)
    SystemInit                               0x080042e1   Thumb Code     2  system_stm32f1xx.o(i.SystemInit)
    TIM4_IRQHandler                          0x080042e5   Thumb Code     6  stm32f1xx_it.o(i.TIM4_IRQHandler)
    TIM_Base_SetConfig                       0x080042f1   Thumb Code    94  stm32f1xx_hal_tim.o(i.TIM_Base_SetConfig)
    TIM_ETR_SetConfig                        0x0800435d   Thumb Code    20  stm32f1xx_hal_tim.o(i.TIM_ETR_SetConfig)
    UART_Start_Receive_IT                    0x08004575   Thumb Code    54  stm32f1xx_hal_uart.o(i.UART_Start_Receive_IT)
    USART1_IRQHandler                        0x08004611   Thumb Code     6  stm32f1xx_it.o(i.USART1_IRQHandler)
    USART2_IRQHandler                        0x0800461d   Thumb Code     6  stm32f1xx_it.o(i.USART2_IRQHandler)
    USART3_IRQHandler                        0x08004629   Thumb Code     6  stm32f1xx_it.o(i.USART3_IRQHandler)
    UsageFault_Handler                       0x08004635   Thumb Code     2  stm32f1xx_it.o(i.UsageFault_Handler)
    __ARM_fpclassify                         0x08004637   Thumb Code    40  fpclassify.o(i.__ARM_fpclassify)
    __mathlib_dbl_overflow                   0x0800467f   Thumb Code    14  dunder.o(i.__mathlib_dbl_overflow)
    __mathlib_dbl_underflow                  0x0800468d   Thumb Code    10  dunder.o(i.__mathlib_dbl_underflow)
    __mathlib_narrow                         0x0800469d   Thumb Code    16  narrow.o(i.__mathlib_narrow)
    __mathlib_tofloat                        0x080046ad   Thumb Code   184  narrow.o(i.__mathlib_tofloat)
    __support_ldexp                          0x08004769   Thumb Code    22  ldexp.o(i.__support_ldexp)
    _is_digit                                0x0800477f   Thumb Code    14  __printf_wp.o(i._is_digit)
    cli_command_excute                       0x0800478d   Thumb Code    82  cli_command.o(i.cli_command_excute)
    find_command_infor                       0x08004809   Thumb Code    32  cli_command.o(i.find_command_infor)
    flash_Read_arr                           0x0800482d   Thumb Code    26  flash.o(i.flash_Read_arr)
    flash_Write_arr                          0x08004847   Thumb Code    54  flash.o(i.flash_Write_arr)
    flash_ecreaae                            0x0800487d   Thumb Code    26  flash.o(i.flash_ecreaae)
    frexp                                    0x08004899   Thumb Code    80  frexp.o(i.frexp)
    gettempuraturene                         0x080048f1   Thumb Code    62  gettempeture_ci.o(i.gettempuraturene)
    ldexp                                    0x08004975   Thumb Code   116  ldexp.o(i.ldexp)
    main                                     0x080049e9   Thumb Code   206  main.o(i.main)
    modf                                     0x08004ad1   Thumb Code   142  modf.o(i.modf)
    parseGpsData                             0x08004b65   Thumb Code   276  gps_cli.o(i.parseGpsData)
    readNeo6MData                            0x08004cb1   Thumb Code    14  main.o(i.readNeo6MData)
    receivedata                              0x08004cc5   Thumb Code    34  uartc.o(i.receivedata)
    response_init1                           0x08004cf1   Thumb Code     6  response_ci.o(i.response_init1)
    response_init2                           0x08004cfd   Thumb Code     6  response_ci.o(i.response_init2)
    response_print2                          0x08004d09   Thumb Code    42  response_ci.o(i.response_print2)
    settempuratureMax                        0x08004d39   Thumb Code    50  settemperature_ci.o(i.settempuratureMax)
    settempuratureMin                        0x08004db9   Thumb Code    50  settemperature_ci.o(i.settempuratureMin)
    strtof                                   0x08004e39   Thumb Code    20  strtof.o(i.strtof)
    temprature_hande                         0x08004e4d   Thumb Code    54  temparture_ci.o(i.temprature_hande)
    uart_handle                              0x08004ea1   Thumb Code    26  uartc.o(i.uart_handle)
    _get_lc_ctype                            0x08004ec5   Thumb Code    44  lc_ctype_c.o(locale$$code)
    _get_lc_numeric                          0x08004ef1   Thumb Code    44  lc_numeric_c.o(locale$$code)
    __aeabi_d2f                              0x08004f1d   Thumb Code     0  d2f.o(x$fpl$d2f)
    _d2f                                     0x08004f1d   Thumb Code    98  d2f.o(x$fpl$d2f)
    __aeabi_dadd                             0x08004f81   Thumb Code     0  daddsub_clz.o(x$fpl$dadd)
    _dadd                                    0x08004f81   Thumb Code   332  daddsub_clz.o(x$fpl$dadd)
    __fpl_dcheck_NaN1                        0x080050d1   Thumb Code    10  dcheck1.o(x$fpl$dcheck1)
    __fpl_dcmp_Inf                           0x080050e1   Thumb Code    24  dcmpi.o(x$fpl$dcmpinf)
    __aeabi_ddiv                             0x080050f9   Thumb Code     0  ddiv.o(x$fpl$ddiv)
    _ddiv                                    0x080050f9   Thumb Code   552  ddiv.o(x$fpl$ddiv)
    __aeabi_cdcmpeq                          0x080053a9   Thumb Code     0  deqf.o(x$fpl$deqf)
    _dcmpeq                                  0x080053a9   Thumb Code   120  deqf.o(x$fpl$deqf)
    __aeabi_cdcmple                          0x08005421   Thumb Code     0  dleqf.o(x$fpl$dleqf)
    _dcmple                                  0x08005421   Thumb Code   120  dleqf.o(x$fpl$dleqf)
    __fpl_dcmple_InfNaN                      0x08005483   Thumb Code     0  dleqf.o(x$fpl$dleqf)
    __aeabi_dmul                             0x08005499   Thumb Code     0  dmul.o(x$fpl$dmul)
    _dmul                                    0x08005499   Thumb Code   332  dmul.o(x$fpl$dmul)
    __fpl_dnaninf                            0x080055ed   Thumb Code   156  dnaninf.o(x$fpl$dnaninf)
    __fpl_dretinf                            0x08005689   Thumb Code    12  dretinf.o(x$fpl$dretinf)
    __aeabi_cdrcmple                         0x08005695   Thumb Code     0  drleqf.o(x$fpl$drleqf)
    _drcmple                                 0x08005695   Thumb Code   108  drleqf.o(x$fpl$drleqf)
    __aeabi_dsub                             0x08005701   Thumb Code     0  daddsub_clz.o(x$fpl$dsub)
    _dsub                                    0x08005701   Thumb Code   464  daddsub_clz.o(x$fpl$dsub)
    __aeabi_f2d                              0x080058d5   Thumb Code     0  f2d.o(x$fpl$f2d)
    _f2d                                     0x080058d5   Thumb Code    86  f2d.o(x$fpl$f2d)
    __aeabi_fdiv                             0x0800592d   Thumb Code     0  fdiv.o(x$fpl$fdiv)
    _fdiv                                    0x0800592d   Thumb Code   384  fdiv.o(x$fpl$fdiv)
    __aeabi_f2iz                             0x08005ab1   Thumb Code     0  ffix.o(x$fpl$ffix)
    _ffix                                    0x08005ab1   Thumb Code    54  ffix.o(x$fpl$ffix)
    __aeabi_ui2f                             0x08005ae9   Thumb Code     0  fflt_clz.o(x$fpl$ffltu)
    _ffltu                                   0x08005ae9   Thumb Code    38  fflt_clz.o(x$fpl$ffltu)
    __fpl_fnaninf                            0x08005b0f   Thumb Code   140  fnaninf.o(x$fpl$fnaninf)
    __fpl_fretinf                            0x08005b9b   Thumb Code    10  fretinf.o(x$fpl$fretinf)
    __ieee_status                            0x08005ba5   Thumb Code     6  istatus.o(x$fpl$ieeestatus)
    _printf_fp_dec                           0x08005bab   Thumb Code     4  printf1.o(x$fpl$printf1)
    _printf_fp_hex                           0x08005baf   Thumb Code     4  printf2.o(x$fpl$printf2)
    __fpl_return_NaN                         0x08005bb3   Thumb Code   100  retnan.o(x$fpl$retnan)
    __ARM_scalbn                             0x08005c17   Thumb Code    92  scalbn.o(x$fpl$scalbn)
    _scanf_real                              0x08005c73   Thumb Code     4  scanf1.o(x$fpl$scanf1)
    _scanf_hex_real                          0x08005c77   Thumb Code     4  scanf2.o(x$fpl$scanf2)
    _scanf_infnan                            0x08005c7b   Thumb Code     4  scanf2.o(x$fpl$scanf2)
    __fpl_cmpreturn                          0x08005c7f   Thumb Code    48  trapv.o(x$fpl$trapveneer)
    AHBPrescTable                            0x08005cae   Data          16  system_stm32f1xx.o(.constdata)
    __I$use$fp                               0x08005cae   Number         0  usenofp.o(x$fpl$usenofp)
    APBPrescTable                            0x08005cbe   Data           8  system_stm32f1xx.o(.constdata)
    command_infor_gettemp                    0x08005cc8   Data           8  cli_command_table.o(.constdata)
    command_infor_settemp_Max                0x08005cd0   Data           8  cli_command_table.o(.constdata)
    command_infor_settemp_Min                0x08005cd8   Data           8  cli_command_table.o(.constdata)
    Region$$Table$$Base                      0x08005e2c   Number         0  anon$$obj.o(Region$$Table)
    Region$$Table$$Limit                     0x08005e4c   Number         0  anon$$obj.o(Region$$Table)
    __aeabi_HUGE_VAL                         0x08005e4c   Data           0  fpconst.o(c$$dinf)
    __aeabi_HUGE_VALL                        0x08005e4c   Data           0  fpconst.o(c$$dinf)
    __aeabi_INFINITY                         0x08005e4c   Data           0  fpconst.o(c$$dinf)
    __dInf                                   0x08005e4c   Data           0  fpconst.o(c$$dinf)
    __huge_val                               0x08005e4c   Data           0  fpconst.o(c$$dinf)
    __dbl_max                                0x08005e54   Data           0  fpconst.o(c$$dmax)
    __ctype                                  0x08005e69   Data           0  lc_ctype_c.o(locale$$data)
    longtitude                               0x20000004   Data           4  main.o(.data)
    latatude                                 0x20000008   Data           4  main.o(.data)
    lenght                                   0x2000000c   Data           4  main.o(.data)
    uwTickFreq                               0x20000010   Data           1  stm32f1xx_hal.o(.data)
    uwTickPrio                               0x20000014   Data           4  stm32f1xx_hal.o(.data)
    uwTick                                   0x20000018   Data           4  stm32f1xx_hal.o(.data)
    SystemCoreClock                          0x2000001c   Data           4  system_stm32f1xx.o(.data)
    command_entry_table                      0x20000020   Data          32  cli_command_table.o(.data)
    TempMaxSet                               0x20000048   Data           4  temparture_ci.o(.data)
    TempMinSet                               0x2000004c   Data           4  temparture_ci.o(.data)
    lat1                                     0x20000058   Data           8  gps_cli.o(.data)
    lon1                                     0x20000060   Data           8  gps_cli.o(.data)
    lat2                                     0x20000068   Data           8  gps_cli.o(.data)
    lon2                                     0x20000070   Data           8  gps_cli.o(.data)
    buffer                                   0x2000007c   Data         256  main.o(.bss)
    htim1                                    0x2000017c   Data          72  main.o(.bss)
    huart1                                   0x200001c4   Data          68  main.o(.bss)
    huart2                                   0x20000208   Data          68  main.o(.bss)
    huart3                                   0x2000024c   Data          68  main.o(.bss)
    htim4                                    0x20000290   Data          72  stm32f1xx_hal_timebase_tim.o(.bss)
    pFlash                                   0x200002d8   Data          32  stm32f1xx_hal_flash.o(.bss)
    __libspace_start                         0x2000035c   Data          96  libspace.o(.bss)
    __temporary_stack_top$libspace           0x200003bc   Data           0  libspace.o(.bss)



==============================================================================

Memory Map of the image

  Image Entry point : 0x080000ed

  Load Region LR_IROM1 (Base: 0x08000000, Size: 0x00006004, Max: 0x00010000, ABSOLUTE)

    Execution Region ER_IROM1 (Exec base: 0x08000000, Load base: 0x08000000, Size: 0x00005f88, Max: 0x00010000, ABSOLUTE)

    Exec Addr    Load Addr    Size         Type   Attr      Idx    E Section Name        Object

    0x08000000   0x08000000   0x000000ec   Data   RO            3    RESET               startup_stm32f103xb.o
    0x080000ec   0x080000ec   0x00000008   Code   RO         3333  * !!!main             c_w.l(__main.o)
    0x080000f4   0x080000f4   0x00000034   Code   RO         3800    !!!scatter          c_w.l(__scatter.o)
    0x08000128   0x08000128   0x0000001a   Code   RO         3802    !!handler_copy      c_w.l(__scatter_copy.o)
    0x08000142   0x08000142   0x00000002   PAD
    0x08000144   0x08000144   0x0000001c   Code   RO         3804    !!handler_zi        c_w.l(__scatter_zi.o)
    0x08000160   0x08000160   0x00000000   Code   RO         3460    .ARM.Collect$$_printf_percent$$00000000  c_w.l(_printf_percent.o)
    0x08000160   0x08000160   0x00000006   Code   RO         3449    .ARM.Collect$$_printf_percent$$00000001  c_w.l(_printf_n.o)
    0x08000166   0x08000166   0x00000006   Code   RO         3451    .ARM.Collect$$_printf_percent$$00000002  c_w.l(_printf_p.o)
    0x0800016c   0x0800016c   0x00000006   Code   RO         3456    .ARM.Collect$$_printf_percent$$00000003  c_w.l(_printf_f.o)
    0x08000172   0x08000172   0x00000006   Code   RO         3457    .ARM.Collect$$_printf_percent$$00000004  c_w.l(_printf_e.o)
    0x08000178   0x08000178   0x00000006   Code   RO         3458    .ARM.Collect$$_printf_percent$$00000005  c_w.l(_printf_g.o)
    0x0800017e   0x0800017e   0x00000006   Code   RO         3459    .ARM.Collect$$_printf_percent$$00000006  c_w.l(_printf_a.o)
    0x08000184   0x08000184   0x0000000a   Code   RO         3464    .ARM.Collect$$_printf_percent$$00000007  c_w.l(_printf_ll.o)
    0x0800018e   0x0800018e   0x00000006   Code   RO         3453    .ARM.Collect$$_printf_percent$$00000008  c_w.l(_printf_i.o)
    0x08000194   0x08000194   0x00000006   Code   RO         3454    .ARM.Collect$$_printf_percent$$00000009  c_w.l(_printf_d.o)
    0x0800019a   0x0800019a   0x00000006   Code   RO         3455    .ARM.Collect$$_printf_percent$$0000000A  c_w.l(_printf_u.o)
    0x080001a0   0x080001a0   0x00000006   Code   RO         3452    .ARM.Collect$$_printf_percent$$0000000B  c_w.l(_printf_o.o)
    0x080001a6   0x080001a6   0x00000006   Code   RO         3450    .ARM.Collect$$_printf_percent$$0000000C  c_w.l(_printf_x.o)
    0x080001ac   0x080001ac   0x00000006   Code   RO         3461    .ARM.Collect$$_printf_percent$$0000000D  c_w.l(_printf_lli.o)
    0x080001b2   0x080001b2   0x00000006   Code   RO         3462    .ARM.Collect$$_printf_percent$$0000000E  c_w.l(_printf_lld.o)
    0x080001b8   0x080001b8   0x00000006   Code   RO         3463    .ARM.Collect$$_printf_percent$$0000000F  c_w.l(_printf_llu.o)
    0x080001be   0x080001be   0x00000006   Code   RO         3468    .ARM.Collect$$_printf_percent$$00000010  c_w.l(_printf_llo.o)
    0x080001c4   0x080001c4   0x00000006   Code   RO         3469    .ARM.Collect$$_printf_percent$$00000011  c_w.l(_printf_llx.o)
    0x080001ca   0x080001ca   0x0000000a   Code   RO         3465    .ARM.Collect$$_printf_percent$$00000012  c_w.l(_printf_l.o)
    0x080001d4   0x080001d4   0x00000006   Code   RO         3447    .ARM.Collect$$_printf_percent$$00000013  c_w.l(_printf_c.o)
    0x080001da   0x080001da   0x00000006   Code   RO         3448    .ARM.Collect$$_printf_percent$$00000014  c_w.l(_printf_s.o)
    0x080001e0   0x080001e0   0x00000006   Code   RO         3466    .ARM.Collect$$_printf_percent$$00000015  c_w.l(_printf_lc.o)
    0x080001e6   0x080001e6   0x00000006   Code   RO         3467    .ARM.Collect$$_printf_percent$$00000016  c_w.l(_printf_ls.o)
    0x080001ec   0x080001ec   0x00000004   Code   RO         3530    .ARM.Collect$$_printf_percent$$00000017  c_w.l(_printf_percent_end.o)
    0x080001f0   0x080001f0   0x00000002   Code   RO         3602    .ARM.Collect$$libinit$$00000000  c_w.l(libinit.o)
    0x080001f2   0x080001f2   0x00000000   Code   RO         3622    .ARM.Collect$$libinit$$00000002  c_w.l(libinit2.o)
    0x080001f2   0x080001f2   0x00000000   Code   RO         3624    .ARM.Collect$$libinit$$00000004  c_w.l(libinit2.o)
    0x080001f2   0x080001f2   0x00000000   Code   RO         3627    .ARM.Collect$$libinit$$0000000A  c_w.l(libinit2.o)
    0x080001f2   0x080001f2   0x00000000   Code   RO         3629    .ARM.Collect$$libinit$$0000000C  c_w.l(libinit2.o)
    0x080001f2   0x080001f2   0x00000000   Code   RO         3631    .ARM.Collect$$libinit$$0000000E  c_w.l(libinit2.o)
    0x080001f2   0x080001f2   0x00000006   Code   RO         3632    .ARM.Collect$$libinit$$0000000F  c_w.l(libinit2.o)
    0x080001f8   0x080001f8   0x00000000   Code   RO         3634    .ARM.Collect$$libinit$$00000011  c_w.l(libinit2.o)
    0x080001f8   0x080001f8   0x0000000c   Code   RO         3635    .ARM.Collect$$libinit$$00000012  c_w.l(libinit2.o)
    0x08000204   0x08000204   0x00000000   Code   RO         3636    .ARM.Collect$$libinit$$00000013  c_w.l(libinit2.o)
    0x08000204   0x08000204   0x00000000   Code   RO         3638    .ARM.Collect$$libinit$$00000015  c_w.l(libinit2.o)
    0x08000204   0x08000204   0x0000000a   Code   RO         3639    .ARM.Collect$$libinit$$00000016  c_w.l(libinit2.o)
    0x0800020e   0x0800020e   0x00000000   Code   RO         3640    .ARM.Collect$$libinit$$00000017  c_w.l(libinit2.o)
    0x0800020e   0x0800020e   0x00000000   Code   RO         3642    .ARM.Collect$$libinit$$00000019  c_w.l(libinit2.o)
    0x0800020e   0x0800020e   0x00000000   Code   RO         3644    .ARM.Collect$$libinit$$0000001B  c_w.l(libinit2.o)
    0x0800020e   0x0800020e   0x00000000   Code   RO         3646    .ARM.Collect$$libinit$$0000001D  c_w.l(libinit2.o)
    0x0800020e   0x0800020e   0x00000000   Code   RO         3648    .ARM.Collect$$libinit$$0000001F  c_w.l(libinit2.o)
    0x0800020e   0x0800020e   0x00000000   Code   RO         3650    .ARM.Collect$$libinit$$00000021  c_w.l(libinit2.o)
    0x0800020e   0x0800020e   0x00000000   Code   RO         3652    .ARM.Collect$$libinit$$00000023  c_w.l(libinit2.o)
    0x0800020e   0x0800020e   0x00000000   Code   RO         3654    .ARM.Collect$$libinit$$00000025  c_w.l(libinit2.o)
    0x0800020e   0x0800020e   0x00000000   Code   RO         3658    .ARM.Collect$$libinit$$0000002C  c_w.l(libinit2.o)
    0x0800020e   0x0800020e   0x00000000   Code   RO         3660    .ARM.Collect$$libinit$$0000002E  c_w.l(libinit2.o)
    0x0800020e   0x0800020e   0x00000000   Code   RO         3662    .ARM.Collect$$libinit$$00000030  c_w.l(libinit2.o)
    0x0800020e   0x0800020e   0x00000000   Code   RO         3664    .ARM.Collect$$libinit$$00000032  c_w.l(libinit2.o)
    0x0800020e   0x0800020e   0x00000002   Code   RO         3665    .ARM.Collect$$libinit$$00000033  c_w.l(libinit2.o)
    0x08000210   0x08000210   0x00000002   Code   RO         3707    .ARM.Collect$$libshutdown$$00000000  c_w.l(libshutdown.o)
    0x08000212   0x08000212   0x00000000   Code   RO         3724    .ARM.Collect$$libshutdown$$00000002  c_w.l(libshutdown2.o)
    0x08000212   0x08000212   0x00000000   Code   RO         3726    .ARM.Collect$$libshutdown$$00000004  c_w.l(libshutdown2.o)
    0x08000212   0x08000212   0x00000000   Code   RO         3729    .ARM.Collect$$libshutdown$$00000007  c_w.l(libshutdown2.o)
    0x08000212   0x08000212   0x00000000   Code   RO         3732    .ARM.Collect$$libshutdown$$0000000A  c_w.l(libshutdown2.o)
    0x08000212   0x08000212   0x00000000   Code   RO         3734    .ARM.Collect$$libshutdown$$0000000C  c_w.l(libshutdown2.o)
    0x08000212   0x08000212   0x00000000   Code   RO         3737    .ARM.Collect$$libshutdown$$0000000F  c_w.l(libshutdown2.o)
    0x08000212   0x08000212   0x00000002   Code   RO         3738    .ARM.Collect$$libshutdown$$00000010  c_w.l(libshutdown2.o)
    0x08000214   0x08000214   0x00000000   Code   RO         3373    .ARM.Collect$$rtentry$$00000000  c_w.l(__rtentry.o)
    0x08000214   0x08000214   0x00000000   Code   RO         3499    .ARM.Collect$$rtentry$$00000002  c_w.l(__rtentry2.o)
    0x08000214   0x08000214   0x00000006   Code   RO         3511    .ARM.Collect$$rtentry$$00000004  c_w.l(__rtentry4.o)
    0x0800021a   0x0800021a   0x00000000   Code   RO         3501    .ARM.Collect$$rtentry$$00000009  c_w.l(__rtentry2.o)
    0x0800021a   0x0800021a   0x00000004   Code   RO         3502    .ARM.Collect$$rtentry$$0000000A  c_w.l(__rtentry2.o)
    0x0800021e   0x0800021e   0x00000000   Code   RO         3504    .ARM.Collect$$rtentry$$0000000C  c_w.l(__rtentry2.o)
    0x0800021e   0x0800021e   0x00000008   Code   RO         3505    .ARM.Collect$$rtentry$$0000000D  c_w.l(__rtentry2.o)
    0x08000226   0x08000226   0x00000002   Code   RO         3617    .ARM.Collect$$rtexit$$00000000  c_w.l(rtexit.o)
    0x08000228   0x08000228   0x00000000   Code   RO         3673    .ARM.Collect$$rtexit$$00000002  c_w.l(rtexit2.o)
    0x08000228   0x08000228   0x00000004   Code   RO         3674    .ARM.Collect$$rtexit$$00000003  c_w.l(rtexit2.o)
    0x0800022c   0x0800022c   0x00000006   Code   RO         3675    .ARM.Collect$$rtexit$$00000004  c_w.l(rtexit2.o)
    0x08000232   0x08000232   0x00000002   PAD
    0x08000234   0x08000234   0x00000040   Code   RO            4    .text               startup_stm32f103xb.o
    0x08000274   0x08000274   0x00000026   Code   RO         3312    .text               c_w.l(llushr.o)
    0x0800029a   0x0800029a   0x00000002   PAD
    0x0800029c   0x0800029c   0x00000024   Code   RO         3314    .text               c_w.l(vsprintf.o)
    0x080002c0   0x080002c0   0x0000001a   Code   RO         3316    .text               c_w.l(atoi.o)
    0x080002da   0x080002da   0x00000002   PAD
    0x080002dc   0x080002dc   0x0000000c   Code   RO         3318    .text               c_w.l(strtok.o)
    0x080002e8   0x080002e8   0x00000024   Code   RO         3321    .text               c_w.l(strstr.o)
    0x0800030c   0x0800030c   0x0000003e   Code   RO         3323    .text               c_w.l(strlen.o)
    0x0800034a   0x0800034a   0x0000004e   Code   RO         3325    .text               c_w.l(rt_memclr_w.o)
    0x08000398   0x08000398   0x00000056   Code   RO         3327    .text               c_w.l(strncpy.o)
    0x080003ee   0x080003ee   0x00000002   PAD
    0x080003f0   0x080003f0   0x00000080   Code   RO         3329    .text               c_w.l(strcmpv7m.o)
    0x08000470   0x08000470   0x00000006   Code   RO         3331    .text               c_w.l(heapauxi.o)
    0x08000476   0x08000476   0x00000002   PAD
    0x08000478   0x08000478   0x00000008   Code   RO         3377    .text               c_w.l(rt_errno_addr_intlibspace.o)
    0x08000480   0x08000480   0x0000004e   Code   RO         3381    .text               c_w.l(_printf_pad.o)
    0x080004ce   0x080004ce   0x00000024   Code   RO         3383    .text               c_w.l(_printf_truncate.o)
    0x080004f2   0x080004f2   0x00000052   Code   RO         3385    .text               c_w.l(_printf_str.o)
    0x08000544   0x08000544   0x00000078   Code   RO         3387    .text               c_w.l(_printf_dec.o)
    0x080005bc   0x080005bc   0x00000028   Code   RO         3389    .text               c_w.l(_printf_charcount.o)
    0x080005e4   0x080005e4   0x00000030   Code   RO         3391    .text               c_w.l(_printf_char_common.o)
    0x08000614   0x08000614   0x0000000a   Code   RO         3393    .text               c_w.l(_sputc.o)
    0x0800061e   0x0800061e   0x00000002   PAD
    0x08000620   0x08000620   0x000000bc   Code   RO         3395    .text               c_w.l(_printf_wctomb.o)
    0x080006dc   0x080006dc   0x0000007c   Code   RO         3398    .text               c_w.l(_printf_longlong_dec.o)
    0x08000758   0x08000758   0x00000070   Code   RO         3404    .text               c_w.l(_printf_oct_int_ll.o)
    0x080007c8   0x080007c8   0x00000094   Code   RO         3424    .text               c_w.l(_printf_hex_int_ll_ptr.o)
    0x0800085c   0x0800085c   0x00000188   Code   RO         3444    .text               c_w.l(__printf_flags_ss_wp.o)
    0x080009e4   0x080009e4   0x0000001a   Code   RO         3470    .text               c_w.l(strtof.o)
    0x080009fe   0x080009fe   0x00000070   Code   RO         3472    .text               c_w.l(strtol.o)
    0x08000a6e   0x08000a6e   0x00000002   PAD
    0x08000a70   0x08000a70   0x00000044   Code   RO         3474    .text               c_w.l(strtok_int.o)
    0x08000ab4   0x08000ab4   0x00000044   Code   RO         3476    .text               c_w.l(rt_memclr.o)
    0x08000af8   0x08000af8   0x00000008   Code   RO         3495    .text               c_w.l(libspace.o)
    0x08000b00   0x08000b00   0x00000010   Code   RO         3513    .text               c_w.l(rt_ctype_table.o)
    0x08000b10   0x08000b10   0x0000008a   Code   RO         3515    .text               c_w.l(lludiv10.o)
    0x08000b9a   0x08000b9a   0x000000b2   Code   RO         3517    .text               c_w.l(_printf_intcommon.o)
    0x08000c4c   0x08000c4c   0x0000041e   Code   RO         3519    .text               c_w.l(_printf_fp_dec.o)
    0x0800106a   0x0800106a   0x00000002   PAD
    0x0800106c   0x0800106c   0x000002fc   Code   RO         3521    .text               c_w.l(_printf_fp_hex.o)
    0x08001368   0x08001368   0x0000002c   Code   RO         3526    .text               c_w.l(_printf_char.o)
    0x08001394   0x08001394   0x0000002c   Code   RO         3528    .text               c_w.l(_printf_wchar.o)
    0x080013c0   0x080013c0   0x0000009e   Code   RO         3531    .text               c_w.l(_strtoul.o)
    0x0800145e   0x0800145e   0x00000002   PAD
    0x08001460   0x08001460   0x000000a4   Code   RO         3533    .text               c_w.l(strtod.o)
    0x08001504   0x08001504   0x00000040   Code   RO         3535    .text               c_w.l(_wcrtomb.o)
    0x08001544   0x08001544   0x00000020   Code   RO         3537    .text               c_w.l(strcspn.o)
    0x08001564   0x08001564   0x0000001c   Code   RO         3539    .text               c_w.l(strspn.o)
    0x08001580   0x08001580   0x0000004a   Code   RO         3547    .text               c_w.l(sys_stackheap_outer.o)
    0x080015ca   0x080015ca   0x00000002   PAD
    0x080015cc   0x080015cc   0x00000008   Code   RO         3552    .text               c_w.l(rt_locale_intlibspace.o)
    0x080015d4   0x080015d4   0x00000016   Code   RO         3554    .text               c_w.l(_rserrno.o)
    0x080015ea   0x080015ea   0x00000012   Code   RO         3556    .text               c_w.l(isspace.o)
    0x080015fc   0x080015fc   0x00000080   Code   RO         3558    .text               c_w.l(_printf_fp_infnan.o)
    0x0800167c   0x0800167c   0x0000001c   Code   RO         3560    .text               c_w.l(_chval.o)
    0x08001698   0x08001698   0x00000040   Code   RO         3562    .text               c_w.l(_sgetc.o)
    0x080016d8   0x080016d8   0x000000e4   Code   RO         3564    .text               c_w.l(bigflt0.o)
    0x080017bc   0x080017bc   0x00000012   Code   RO         3595    .text               c_w.l(exit.o)
    0x080017ce   0x080017ce   0x00000002   PAD
    0x080017d0   0x080017d0   0x000004f8   Code   RO         3619    .text               c_w.l(scanf_fp.o)
    0x08001cc8   0x08001cc8   0x0000000c   Code   RO         3695    .text               c_w.l(sys_exit.o)
    0x08001cd4   0x08001cd4   0x00000320   Code   RO         3697    .text               c_w.l(scanf_hexfp.o)
    0x08001ff4   0x08001ff4   0x00000134   Code   RO         3699    .text               c_w.l(scanf_infnan.o)
    0x08002128   0x08002128   0x00000002   Code   RO         3712    .text               c_w.l(use_no_semi.o)
    0x0800212a   0x0800212a   0x00000000   Code   RO         3714    .text               c_w.l(indicate_semi.o)
    0x0800212a   0x0800212a   0x00000026   Code   RO         3717    .text               c_w.l(llshl.o)
    0x08002150   0x08002150   0x0000003e   Code   RO         3567    CL$$btod_d2e        c_w.l(btod.o)
    0x0800218e   0x0800218e   0x00000046   Code   RO         3569    CL$$btod_d2e_denorm_low  c_w.l(btod.o)
    0x080021d4   0x080021d4   0x00000060   Code   RO         3568    CL$$btod_d2e_norm_op1  c_w.l(btod.o)
    0x08002234   0x08002234   0x00000338   Code   RO         3577    CL$$btod_div_common  c_w.l(btod.o)
    0x0800256c   0x0800256c   0x00000084   Code   RO         3575    CL$$btod_e2d        c_w.l(btod.o)
    0x080025f0   0x080025f0   0x000000dc   Code   RO         3574    CL$$btod_e2e        c_w.l(btod.o)
    0x080026cc   0x080026cc   0x0000002a   Code   RO         3571    CL$$btod_ediv       c_w.l(btod.o)
    0x080026f6   0x080026f6   0x0000002a   Code   RO         3573    CL$$btod_edivd      c_w.l(btod.o)
    0x08002720   0x08002720   0x0000002a   Code   RO         3570    CL$$btod_emul       c_w.l(btod.o)
    0x0800274a   0x0800274a   0x0000002a   Code   RO         3572    CL$$btod_emuld      c_w.l(btod.o)
    0x08002774   0x08002774   0x00000244   Code   RO         3576    CL$$btod_mult_common  c_w.l(btod.o)
    0x080029b8   0x080029b8   0x00000002   Code   RO          193    i.BusFault_Handler  stm32f1xx_it.o
    0x080029ba   0x080029ba   0x00000004   Code   RO         2847    i.DELAY_TIM_Init    delay_timer.o
    0x080029be   0x080029be   0x0000001e   Code   RO         2848    i.DELAY_TIM_Ms      delay_timer.o
    0x080029dc   0x080029dc   0x00000010   Code   RO         2849    i.DELAY_TIM_Us      delay_timer.o
    0x080029ec   0x080029ec   0x00000006   Code   RO         2886    i.DS18B20_DelayMs   ds18b20.o
    0x080029f2   0x080029f2   0x00000006   Code   RO         2887    i.DS18B20_DelayUs   ds18b20.o
    0x080029f8   0x080029f8   0x00000024   Code   RO         3019    i.DS18B20_Gettemp   gettempds18b20.o
    0x08002a1c   0x08002a1c   0x00000010   Code   RO         2888    i.DS18B20_Init      ds18b20.o
    0x08002a2c   0x08002a2c   0x00000050   Code   RO         2889    i.DS18B20_Read      ds18b20.o
    0x08002a7c   0x08002a7c   0x00000008   Code   RO         2890    i.DS18B20_ReadPin   ds18b20.o
    0x08002a84   0x08002a84   0x00000062   Code   RO         2891    i.DS18B20_ReadTemp  ds18b20.o
    0x08002ae6   0x08002ae6   0x0000001e   Code   RO         2892    i.DS18B20_SetPinIn  ds18b20.o
    0x08002b04   0x08002b04   0x00000022   Code   RO         2893    i.DS18B20_SetPinOut  ds18b20.o
    0x08002b26   0x08002b26   0x00000042   Code   RO         2894    i.DS18B20_Start     ds18b20.o
    0x08002b68   0x08002b68   0x00000062   Code   RO         2895    i.DS18B20_Write     ds18b20.o
    0x08002bca   0x08002bca   0x0000000c   Code   RO         2896    i.DS18B20_WritePin  ds18b20.o
    0x08002bd6   0x08002bd6   0x00000002   Code   RO          194    i.DebugMon_Handler  stm32f1xx_it.o
    0x08002bd8   0x08002bd8   0x00000024   Code   RO         2207    i.FLASH_MassErase   stm32f1xx_hal_flash_ex.o
    0x08002bfc   0x08002bfc   0x00000024   Code   RO         2212    i.FLASH_PageErase   stm32f1xx_hal_flash_ex.o
    0x08002c20   0x08002c20   0x0000001c   Code   RO         2104    i.FLASH_Program_HalfWord  stm32f1xx_hal_flash.o
    0x08002c3c   0x08002c3c   0x0000005c   Code   RO         2105    i.FLASH_SetErrorCode  stm32f1xx_hal_flash.o
    0x08002c98   0x08002c98   0x00000054   Code   RO         2106    i.FLASH_WaitForLastOperation  stm32f1xx_hal_flash.o
    0x08002cec   0x08002cec   0x00000046   Code   RO         1768    i.HAL_DMA_Abort     stm32f1xx_hal_dma.o
    0x08002d32   0x08002d32   0x00000002   PAD
    0x08002d34   0x08002d34   0x00000098   Code   RO         1769    i.HAL_DMA_Abort_IT  stm32f1xx_hal_dma.o
    0x08002dcc   0x08002dcc   0x00000024   Code   RO         1396    i.HAL_Delay         stm32f1xx_hal.o
    0x08002df0   0x08002df0   0x000000a8   Code   RO         2213    i.HAL_FLASHEx_Erase  stm32f1xx_hal_flash_ex.o
    0x08002e98   0x08002e98   0x00000014   Code   RO         2110    i.HAL_FLASH_Lock    stm32f1xx_hal_flash.o
    0x08002eac   0x08002eac   0x00000080   Code   RO         2115    i.HAL_FLASH_Program  stm32f1xx_hal_flash.o
    0x08002f2c   0x08002f2c   0x00000028   Code   RO         2117    i.HAL_FLASH_Unlock  stm32f1xx_hal_flash.o
    0x08002f54   0x08002f54   0x000001e0   Code   RO         1704    i.HAL_GPIO_Init     stm32f1xx_hal_gpio.o
    0x08003134   0x08003134   0x0000000a   Code   RO         1706    i.HAL_GPIO_ReadPin  stm32f1xx_hal_gpio.o
    0x0800313e   0x0800313e   0x0000000a   Code   RO         1708    i.HAL_GPIO_WritePin  stm32f1xx_hal_gpio.o
    0x08003148   0x08003148   0x0000000c   Code   RO         1400    i.HAL_GetTick       stm32f1xx_hal.o
    0x08003154   0x08003154   0x00000010   Code   RO         1406    i.HAL_IncTick       stm32f1xx_hal.o
    0x08003164   0x08003164   0x00000024   Code   RO         1407    i.HAL_Init          stm32f1xx_hal.o
    0x08003188   0x08003188   0x00000098   Code   RO          341    i.HAL_InitTick      stm32f1xx_hal_timebase_tim.o
    0x08003220   0x08003220   0x0000003c   Code   RO          293    i.HAL_MspInit       stm32f1xx_hal_msp.o
    0x0800325c   0x0800325c   0x0000001a   Code   RO         1864    i.HAL_NVIC_EnableIRQ  stm32f1xx_hal_cortex.o
    0x08003276   0x08003276   0x00000002   PAD
    0x08003278   0x08003278   0x00000040   Code   RO         1870    i.HAL_NVIC_SetPriority  stm32f1xx_hal_cortex.o
    0x080032b8   0x080032b8   0x00000024   Code   RO         1871    i.HAL_NVIC_SetPriorityGrouping  stm32f1xx_hal_cortex.o
    0x080032dc   0x080032dc   0x0000012c   Code   RO         1564    i.HAL_RCC_ClockConfig  stm32f1xx_hal_rcc.o
    0x08003408   0x08003408   0x00000040   Code   RO         1568    i.HAL_RCC_GetClockConfig  stm32f1xx_hal_rcc.o
    0x08003448   0x08003448   0x00000020   Code   RO         1571    i.HAL_RCC_GetPCLK1Freq  stm32f1xx_hal_rcc.o
    0x08003468   0x08003468   0x00000020   Code   RO         1572    i.HAL_RCC_GetPCLK2Freq  stm32f1xx_hal_rcc.o
    0x08003488   0x08003488   0x0000006c   Code   RO         1573    i.HAL_RCC_GetSysClockFreq  stm32f1xx_hal_rcc.o
    0x080034f4   0x080034f4   0x00000320   Code   RO         1576    i.HAL_RCC_OscConfig  stm32f1xx_hal_rcc.o
    0x08003814   0x08003814   0x00000002   Code   RO         1122    i.HAL_TIMEx_BreakCallback  stm32f1xx_hal_tim_ex.o
    0x08003816   0x08003816   0x00000002   Code   RO         1123    i.HAL_TIMEx_CommutCallback  stm32f1xx_hal_tim_ex.o
    0x08003818   0x08003818   0x00000068   Code   RO         1141    i.HAL_TIMEx_MasterConfigSynchronization  stm32f1xx_hal_tim_ex.o
    0x08003880   0x08003880   0x0000005a   Code   RO          418    i.HAL_TIM_Base_Init  stm32f1xx_hal_tim.o
    0x080038da   0x080038da   0x00000002   PAD
    0x080038dc   0x080038dc   0x00000028   Code   RO          295    i.HAL_TIM_Base_MspInit  stm32f1xx_hal_msp.o
    0x08003904   0x08003904   0x00000050   Code   RO          421    i.HAL_TIM_Base_Start  stm32f1xx_hal_tim.o
    0x08003954   0x08003954   0x00000058   Code   RO          423    i.HAL_TIM_Base_Start_IT  stm32f1xx_hal_tim.o
    0x080039ac   0x080039ac   0x000000d6   Code   RO          427    i.HAL_TIM_ConfigClockSource  stm32f1xx_hal_tim.o
    0x08003a82   0x08003a82   0x00000002   Code   RO          452    i.HAL_TIM_IC_CaptureCallback  stm32f1xx_hal_tim.o
    0x08003a84   0x08003a84   0x00000166   Code   RO          466    i.HAL_TIM_IRQHandler  stm32f1xx_hal_tim.o
    0x08003bea   0x08003bea   0x00000002   Code   RO          469    i.HAL_TIM_OC_DelayElapsedCallback  stm32f1xx_hal_tim.o
    0x08003bec   0x08003bec   0x00000002   Code   RO          496    i.HAL_TIM_PWM_PulseFinishedCallback  stm32f1xx_hal_tim.o
    0x08003bee   0x08003bee   0x00000002   PAD
    0x08003bf0   0x08003bf0   0x00000014   Code   RO           14    i.HAL_TIM_PeriodElapsedCallback  main.o
    0x08003c04   0x08003c04   0x00000002   Code   RO          509    i.HAL_TIM_TriggerCallback  stm32f1xx_hal_tim.o
    0x08003c06   0x08003c06   0x00000002   Code   RO         2375    i.HAL_UARTEx_RxEventCallback  stm32f1xx_hal_uart.o
    0x08003c08   0x08003c08   0x00000002   Code   RO         2389    i.HAL_UART_ErrorCallback  stm32f1xx_hal_uart.o
    0x08003c0a   0x08003c0a   0x00000002   PAD
    0x08003c0c   0x08003c0c   0x0000020c   Code   RO         2392    i.HAL_UART_IRQHandler  stm32f1xx_hal_uart.o
    0x08003e18   0x08003e18   0x00000062   Code   RO         2393    i.HAL_UART_Init     stm32f1xx_hal_uart.o
    0x08003e7a   0x08003e7a   0x00000002   PAD
    0x08003e7c   0x08003e7c   0x00000134   Code   RO          297    i.HAL_UART_MspInit  stm32f1xx_hal_msp.o
    0x08003fb0   0x08003fb0   0x000000c0   Code   RO         2396    i.HAL_UART_Receive  stm32f1xx_hal_uart.o
    0x08004070   0x08004070   0x0000002a   Code   RO         2398    i.HAL_UART_Receive_IT  stm32f1xx_hal_uart.o
    0x0800409a   0x0800409a   0x00000002   PAD
    0x0800409c   0x0800409c   0x0000004c   Code   RO           15    i.HAL_UART_RxCpltCallback  main.o
    0x080040e8   0x080040e8   0x000000b2   Code   RO         2401    i.HAL_UART_Transmit  stm32f1xx_hal_uart.o
    0x0800419a   0x0800419a   0x00000002   Code   RO         2404    i.HAL_UART_TxCpltCallback  stm32f1xx_hal_uart.o
    0x0800419c   0x0800419c   0x00000002   Code   RO          195    i.HardFault_Handler  stm32f1xx_it.o
    0x0800419e   0x0800419e   0x00000002   PAD
    0x080041a0   0x080041a0   0x00000070   Code   RO           16    i.MX_GPIO_Init      main.o
    0x08004210   0x08004210   0x00000068   Code   RO           17    i.MX_TIM1_Init      main.o
    0x08004278   0x08004278   0x00000002   Code   RO          196    i.MemManage_Handler  stm32f1xx_it.o
    0x0800427a   0x0800427a   0x00000002   Code   RO          197    i.NMI_Handler       stm32f1xx_it.o
    0x0800427c   0x0800427c   0x00000002   Code   RO          198    i.PendSV_Handler    stm32f1xx_it.o
    0x0800427e   0x0800427e   0x00000002   Code   RO          199    i.SVC_Handler       stm32f1xx_it.o
    0x08004280   0x08004280   0x00000002   Code   RO          200    i.SysTick_Handler   stm32f1xx_it.o
    0x08004282   0x08004282   0x0000005e   Code   RO           18    i.SystemClock_Config  main.o
    0x080042e0   0x080042e0   0x00000002   Code   RO         2722    i.SystemInit        system_stm32f1xx.o
    0x080042e2   0x080042e2   0x00000002   PAD
    0x080042e4   0x080042e4   0x0000000c   Code   RO          201    i.TIM4_IRQHandler   stm32f1xx_it.o
    0x080042f0   0x080042f0   0x0000006c   Code   RO          511    i.TIM_Base_SetConfig  stm32f1xx_hal_tim.o
    0x0800435c   0x0800435c   0x00000014   Code   RO          522    i.TIM_ETR_SetConfig  stm32f1xx_hal_tim.o
    0x08004370   0x08004370   0x00000010   Code   RO          523    i.TIM_ITRx_SetConfig  stm32f1xx_hal_tim.o
    0x08004380   0x08004380   0x00000022   Code   RO          529    i.TIM_TI1_ConfigInputStage  stm32f1xx_hal_tim.o
    0x080043a2   0x080043a2   0x00000024   Code   RO          531    i.TIM_TI2_ConfigInputStage  stm32f1xx_hal_tim.o
    0x080043c6   0x080043c6   0x00000010   Code   RO         2406    i.UART_DMAAbortOnError  stm32f1xx_hal_uart.o
    0x080043d6   0x080043d6   0x00000030   Code   RO         2416    i.UART_EndRxTransfer  stm32f1xx_hal_uart.o
    0x08004406   0x08004406   0x000000b6   Code   RO         2418    i.UART_Receive_IT   stm32f1xx_hal_uart.o
    0x080044bc   0x080044bc   0x000000b8   Code   RO         2419    i.UART_SetConfig    stm32f1xx_hal_uart.o
    0x08004574   0x08004574   0x00000036   Code   RO         2421    i.UART_Start_Receive_IT  stm32f1xx_hal_uart.o
    0x080045aa   0x080045aa   0x00000064   Code   RO         2422    i.UART_WaitOnFlagUntilTimeout  stm32f1xx_hal_uart.o
    0x0800460e   0x0800460e   0x00000002   PAD
    0x08004610   0x08004610   0x0000000c   Code   RO          202    i.USART1_IRQHandler  stm32f1xx_it.o
    0x0800461c   0x0800461c   0x0000000c   Code   RO          203    i.USART2_IRQHandler  stm32f1xx_it.o
    0x08004628   0x08004628   0x0000000c   Code   RO          204    i.USART3_IRQHandler  stm32f1xx_it.o
    0x08004634   0x08004634   0x00000002   Code   RO          205    i.UsageFault_Handler  stm32f1xx_it.o
    0x08004636   0x08004636   0x00000028   Code   RO         3611    i.__ARM_fpclassify  m_ws.l(fpclassify.o)
    0x0800465e   0x0800465e   0x00000020   Code   RO         1877    i.__NVIC_SetPriority  stm32f1xx_hal_cortex.o
    0x0800467e   0x0800467e   0x0000000e   Code   RO         3763    i.__mathlib_dbl_overflow  m_ws.l(dunder.o)
    0x0800468c   0x0800468c   0x00000010   Code   RO         3765    i.__mathlib_dbl_underflow  m_ws.l(dunder.o)
    0x0800469c   0x0800469c   0x00000010   Code   RO         3541    i.__mathlib_narrow  m_ws.l(narrow.o)
    0x080046ac   0x080046ac   0x000000bc   Code   RO         3542    i.__mathlib_tofloat  m_ws.l(narrow.o)
    0x08004768   0x08004768   0x00000016   Code   RO         3742    i.__support_ldexp   m_ws.l(ldexp.o)
    0x0800477e   0x0800477e   0x0000000e   Code   RO         3437    i._is_digit         c_w.l(__printf_wp.o)
    0x0800478c   0x0800478c   0x0000007c   Code   RO         2759    i.cli_command_excute  cli_command.o
    0x08004808   0x08004808   0x00000024   Code   RO         2760    i.find_command_infor  cli_command.o
    0x0800482c   0x0800482c   0x0000001a   Code   RO         2964    i.flash_Read_arr    flash.o
    0x08004846   0x08004846   0x00000036   Code   RO         2965    i.flash_Write_arr   flash.o
    0x0800487c   0x0800487c   0x0000001a   Code   RO         2967    i.flash_ecreaae     flash.o
    0x08004896   0x08004896   0x00000002   PAD
    0x08004898   0x08004898   0x00000058   Code   RO         3614    i.frexp             m_ws.l(frexp.o)
    0x080048f0   0x080048f0   0x00000084   Code   RO         3057    i.gettempuraturene  gettempeture_ci.o
    0x08004974   0x08004974   0x00000074   Code   RO         3743    i.ldexp             m_ws.l(ldexp.o)
    0x080049e8   0x080049e8   0x000000e8   Code   RO           19    i.main              main.o
    0x08004ad0   0x08004ad0   0x00000094   Code   RO         3366    i.modf              m_ws.l(modf.o)
    0x08004b64   0x08004b64   0x0000014c   Code   RO         3241    i.parseGpsData      gps_cli.o
    0x08004cb0   0x08004cb0   0x00000014   Code   RO           20    i.readNeo6MData     main.o
    0x08004cc4   0x08004cc4   0x0000002c   Code   RO         3202    i.receivedata       uartc.o
    0x08004cf0   0x08004cf0   0x0000000c   Code   RO         3084    i.response_init1    response_ci.o
    0x08004cfc   0x08004cfc   0x0000000c   Code   RO         3085    i.response_init2    response_ci.o
    0x08004d08   0x08004d08   0x00000030   Code   RO         3087    i.response_print2   response_ci.o
    0x08004d38   0x08004d38   0x00000080   Code   RO         3135    i.settempuratureMax  settemperature_ci.o
    0x08004db8   0x08004db8   0x00000080   Code   RO         3136    i.settempuratureMin  settemperature_ci.o
    0x08004e38   0x08004e38   0x00000014   Code   RO         3370    i.strtof            m_ws.l(strtof.o)
    0x08004e4c   0x08004e4c   0x00000054   Code   RO         3166    i.temprature_hande  temparture_ci.o
    0x08004ea0   0x08004ea0   0x00000024   Code   RO         3203    i.uart_handle       uartc.o
    0x08004ec4   0x08004ec4   0x0000002c   Code   RO         3590    locale$$code        c_w.l(lc_ctype_c.o)
    0x08004ef0   0x08004ef0   0x0000002c   Code   RO         3593    locale$$code        c_w.l(lc_numeric_c.o)
    0x08004f1c   0x08004f1c   0x00000062   Code   RO         3335    x$fpl$d2f           fz_ws.l(d2f.o)
    0x08004f7e   0x08004f7e   0x00000002   PAD
    0x08004f80   0x08004f80   0x00000150   Code   RO         3337    x$fpl$dadd          fz_ws.l(daddsub_clz.o)
    0x080050d0   0x080050d0   0x00000010   Code   RO         3681    x$fpl$dcheck1       fz_ws.l(dcheck1.o)
    0x080050e0   0x080050e0   0x00000018   Code   RO         3666    x$fpl$dcmpinf       fz_ws.l(dcmpi.o)
    0x080050f8   0x080050f8   0x000002b0   Code   RO         3344    x$fpl$ddiv          fz_ws.l(ddiv.o)
    0x080053a8   0x080053a8   0x00000078   Code   RO         3603    x$fpl$deqf          fz_ws.l(deqf.o)
    0x08005420   0x08005420   0x00000078   Code   RO         3668    x$fpl$dleqf         fz_ws.l(dleqf.o)
    0x08005498   0x08005498   0x00000154   Code   RO         3347    x$fpl$dmul          fz_ws.l(dmul.o)
    0x080055ec   0x080055ec   0x0000009c   Code   RO         3478    x$fpl$dnaninf       fz_ws.l(dnaninf.o)
    0x08005688   0x08005688   0x0000000c   Code   RO         3480    x$fpl$dretinf       fz_ws.l(dretinf.o)
    0x08005694   0x08005694   0x0000006c   Code   RO         3605    x$fpl$drleqf        fz_ws.l(drleqf.o)
    0x08005700   0x08005700   0x000001d4   Code   RO         3339    x$fpl$dsub          fz_ws.l(daddsub_clz.o)
    0x080058d4   0x080058d4   0x00000056   Code   RO         3349    x$fpl$f2d           fz_ws.l(f2d.o)
    0x0800592a   0x0800592a   0x00000002   PAD
    0x0800592c   0x0800592c   0x00000184   Code   RO         3352    x$fpl$fdiv          fz_ws.l(fdiv.o)
    0x08005ab0   0x08005ab0   0x00000036   Code   RO         3355    x$fpl$ffix          fz_ws.l(ffix.o)
    0x08005ae6   0x08005ae6   0x00000002   PAD
    0x08005ae8   0x08005ae8   0x00000026   Code   RO         3359    x$fpl$ffltu         fz_ws.l(fflt_clz.o)
    0x08005b0e   0x08005b0e   0x0000008c   Code   RO         3482    x$fpl$fnaninf       fz_ws.l(fnaninf.o)
    0x08005b9a   0x08005b9a   0x0000000a   Code   RO         3484    x$fpl$fretinf       fz_ws.l(fretinf.o)
    0x08005ba4   0x08005ba4   0x00000006   Code   RO         3607    x$fpl$ieeestatus    fz_ws.l(istatus.o)
    0x08005baa   0x08005baa   0x00000004   Code   RO         3486    x$fpl$printf1       fz_ws.l(printf1.o)
    0x08005bae   0x08005bae   0x00000004   Code   RO         3488    x$fpl$printf2       fz_ws.l(printf2.o)
    0x08005bb2   0x08005bb2   0x00000064   Code   RO         3708    x$fpl$retnan        fz_ws.l(retnan.o)
    0x08005c16   0x08005c16   0x0000005c   Code   RO         3670    x$fpl$scalbn        fz_ws.l(scalbn.o)
    0x08005c72   0x08005c72   0x00000004   Code   RO         3609    x$fpl$scanf1        fz_ws.l(scanf1.o)
    0x08005c76   0x08005c76   0x00000008   Code   RO         3689    x$fpl$scanf2        fz_ws.l(scanf2.o)
    0x08005c7e   0x08005c7e   0x00000030   Code   RO         3739    x$fpl$trapveneer    fz_ws.l(trapv.o)
    0x08005cae   0x08005cae   0x00000000   Code   RO         3494    x$fpl$usenofp       fz_ws.l(usenofp.o)
    0x08005cae   0x08005cae   0x00000010   Data   RO         2723    .constdata          system_stm32f1xx.o
    0x08005cbe   0x08005cbe   0x00000008   Data   RO         2724    .constdata          system_stm32f1xx.o
    0x08005cc6   0x08005cc6   0x00000002   PAD
    0x08005cc8   0x08005cc8   0x00000008   Data   RO         2810    .constdata          cli_command_table.o
    0x08005cd0   0x08005cd0   0x00000008   Data   RO         2811    .constdata          cli_command_table.o
    0x08005cd8   0x08005cd8   0x00000008   Data   RO         2812    .constdata          cli_command_table.o
    0x08005ce0   0x08005ce0   0x00000008   Data   RO         3396    .constdata          c_w.l(_printf_wctomb.o)
    0x08005ce8   0x08005ce8   0x00000028   Data   RO         3425    .constdata          c_w.l(_printf_hex_int_ll_ptr.o)
    0x08005d10   0x08005d10   0x00000011   Data   RO         3445    .constdata          c_w.l(__printf_flags_ss_wp.o)
    0x08005d21   0x08005d21   0x00000026   Data   RO         3522    .constdata          c_w.l(_printf_fp_hex.o)
    0x08005d47   0x08005d47   0x00000001   PAD
    0x08005d48   0x08005d48   0x00000094   Data   RO         3565    .constdata          c_w.l(bigflt0.o)
    0x08005ddc   0x08005ddc   0x00000015   Data   RO         2813    .conststring        cli_command_table.o
    0x08005df1   0x08005df1   0x00000003   PAD
    0x08005df4   0x08005df4   0x0000000c   Data   RO         2814    .conststring        cli_command_table.o
    0x08005e00   0x08005e00   0x0000000c   Data   RO         2815    .conststring        cli_command_table.o
    0x08005e0c   0x08005e0c   0x0000001f   Data   RO         2816    .conststring        cli_command_table.o
    0x08005e2b   0x08005e2b   0x00000001   PAD
    0x08005e2c   0x08005e2c   0x00000020   Data   RO         3798    Region$$Table       anon$$obj.o
    0x08005e4c   0x08005e4c   0x00000008   Data   RO         3683    c$$dinf             fz_ws.l(fpconst.o)
    0x08005e54   0x08005e54   0x00000008   Data   RO         3686    c$$dmax             fz_ws.l(fpconst.o)
    0x08005e5c   0x08005e5c   0x00000110   Data   RO         3589    locale$$data        c_w.l(lc_ctype_c.o)
    0x08005f6c   0x08005f6c   0x0000001c   Data   RO         3592    locale$$data        c_w.l(lc_numeric_c.o)


    Execution Region RW_IRAM1 (Exec base: 0x20000000, Load base: 0x08005f88, Size: 0x000009c0, Max: 0x00005000, ABSOLUTE)

    Exec Addr    Load Addr    Size         Type   Attr      Idx    E Section Name        Object

    0x20000000   0x08005f88   0x00000010   Data   RW           22    .data               main.o
    0x20000010   0x08005f98   0x0000000c   Data   RW         1414    .data               stm32f1xx_hal.o
    0x2000001c   0x08005fa4   0x00000004   Data   RW         2725    .data               system_stm32f1xx.o
    0x20000020   0x08005fa8   0x00000020   Data   RW         2817    .data               cli_command_table.o
    0x20000040   0x08005fc8   0x00000008   Data   RW         3088    .data               response_ci.o
    0x20000048   0x08005fd0   0x00000008   Data   RW         3168    .data               temparture_ci.o
    0x20000050   0x08005fd8   0x00000002   Data   RW         3206    .data               uartc.o
    0x20000052   0x08005fda   0x00000006   PAD
    0x20000058   0x08005fe0   0x00000020   Data   RW         3242    .data               gps_cli.o
    0x20000078   0x08006000   0x00000004   Data   RW         3319    .data               c_w.l(strtok.o)
    0x2000007c        -       0x00000214   Zero   RW           21    .bss                main.o
    0x20000290        -       0x00000048   Zero   RW          344    .bss                stm32f1xx_hal_timebase_tim.o
    0x200002d8        -       0x00000020   Zero   RW         2118    .bss                stm32f1xx_hal_flash.o
    0x200002f8        -       0x00000064   Zero   RW         3205    .bss                uartc.o
    0x2000035c        -       0x00000060   Zero   RW         3496    .bss                c_w.l(libspace.o)
    0x200003bc   0x08006004   0x00000004   PAD
    0x200003c0        -       0x00000200   Zero   RW            2    HEAP                startup_stm32f103xb.o
    0x200005c0        -       0x00000400   Zero   RW            1    STACK               startup_stm32f103xb.o


==============================================================================

Image component sizes


      Code (inc. data)   RO Data    RW Data    ZI Data      Debug   Object Name

       160         46          0          0          0       2497   cli_command.o
         0          0        100         32          0        828   cli_command_table.o
        50          0          0          0          0       1783   delay_timer.o
       454          0          0          0          0       6966   ds18b20.o
       106          0          0          0          0       2337   flash.o
        36         10          0          0          0       1286   gettempds18b20.o
       132         70          0          0          0        647   gettempeture_ci.o
       332         56          0         32          0       1789   gps_cli.o
       658         62          0         16        532     437435   main.o
        72         18          0          8          0       2684   response_ci.o
       256        156          0          0          0       1304   settemperature_ci.o
        64         26        236          0       1536        816   startup_stm32f103xb.o
       100         18          0         12          0       5270   stm32f1xx_hal.o
       158         14          0          0          0      28198   stm32f1xx_hal_cortex.o
       222          4          0          0          0       1783   stm32f1xx_hal_dma.o
       392         46          0          0         32       4758   stm32f1xx_hal_flash.o
       240         26          0          0          0       3261   stm32f1xx_hal_flash_ex.o
       500         34          0          0          0       3535   stm32f1xx_hal_gpio.o
       408         44          0          0          0       2424   stm32f1xx_hal_msp.o
      1336        110          0          0          0       5841   stm32f1xx_hal_rcc.o
      1052         40          0          0          0      10378   stm32f1xx_hal_tim.o
       108         12          0          0          0       2385   stm32f1xx_hal_tim_ex.o
       152         20          0          0         72       1487   stm32f1xx_hal_timebase_tim.o
      1624         10          0          0          0      11787   stm32f1xx_hal_uart.o
        66         24          0          0          0       5656   stm32f1xx_it.o
         2          0         24          4          0       1131   system_stm32f1xx.o
        84         30          0          8          0       1340   temparture_ci.o
        80         20          0          2        100       1628   uartc.o

    ----------------------------------------------------------------------
      8866        896        398        120       2272     551234   Object Totals
         0          0         32          0          0          0   (incl. Generated)
        22          0          6          6          0          0   (incl. Padding)

    ----------------------------------------------------------------------

      Code (inc. data)   RO Data    RW Data    ZI Data      Debug   Library Member Name

         8          0          0          0          0         68   __main.o
       392          4         17          0          0         92   __printf_flags_ss_wp.o
        14          0          0          0          0         68   __printf_wp.o
         0          0          0          0          0          0   __rtentry.o
        12          0          0          0          0          0   __rtentry2.o
         6          0          0          0          0          0   __rtentry4.o
        52          8          0          0          0          0   __scatter.o
        26          0          0          0          0          0   __scatter_copy.o
        28          0          0          0          0          0   __scatter_zi.o
        28          0          0          0          0         68   _chval.o
         6          0          0          0          0          0   _printf_a.o
         6          0          0          0          0          0   _printf_c.o
        44          0          0          0          0        108   _printf_char.o
        48          6          0          0          0         96   _printf_char_common.o
        40          0          0          0          0         68   _printf_charcount.o
         6          0          0          0          0          0   _printf_d.o
       120         16          0          0          0         92   _printf_dec.o
         6          0          0          0          0          0   _printf_e.o
         6          0          0          0          0          0   _printf_f.o
      1054          0          0          0          0        216   _printf_fp_dec.o
       764          8         38          0          0        100   _printf_fp_hex.o
       128         16          0          0          0         84   _printf_fp_infnan.o
         6          0          0          0          0          0   _printf_g.o
       148          4         40          0          0        160   _printf_hex_int_ll_ptr.o
         6          0          0          0          0          0   _printf_i.o
       178          0          0          0          0         88   _printf_intcommon.o
        10          0          0          0          0          0   _printf_l.o
         6          0          0          0          0          0   _printf_lc.o
        10          0          0          0          0          0   _printf_ll.o
         6          0          0          0          0          0   _printf_lld.o
         6          0          0          0          0          0   _printf_lli.o
         6          0          0          0          0          0   _printf_llo.o
         6          0          0          0          0          0   _printf_llu.o
         6          0          0          0          0          0   _printf_llx.o
       124         16          0          0          0         92   _printf_longlong_dec.o
         6          0          0          0          0          0   _printf_ls.o
         6          0          0          0          0          0   _printf_n.o
         6          0          0          0          0          0   _printf_o.o
       112         10          0          0          0        124   _printf_oct_int_ll.o
         6          0          0          0          0          0   _printf_p.o
        78          0          0          0          0        108   _printf_pad.o
         0          0          0          0          0          0   _printf_percent.o
         4          0          0          0          0          0   _printf_percent_end.o
         6          0          0          0          0          0   _printf_s.o
        82          0          0          0          0         80   _printf_str.o
        36          0          0          0          0         84   _printf_truncate.o
         6          0          0          0          0          0   _printf_u.o
        44          0          0          0          0        108   _printf_wchar.o
       188          6          8          0          0         92   _printf_wctomb.o
         6          0          0          0          0          0   _printf_x.o
        22          0          0          0          0        100   _rserrno.o
        64          0          0          0          0         84   _sgetc.o
        10          0          0          0          0         68   _sputc.o
       158          0          0          0          0         92   _strtoul.o
        64          0          0          0          0         92   _wcrtomb.o
        26          0          0          0          0         80   atoi.o
       228          4        148          0          0         96   bigflt0.o
      2152        136          0          0          0        960   btod.o
        18          0          0          0          0         80   exit.o
         6          0          0          0          0        152   heapauxi.o
         0          0          0          0          0          0   indicate_semi.o
        18          0          0          0          0         76   isspace.o
        44         10        272          0          0         76   lc_ctype_c.o
        44         10         28          0          0         76   lc_numeric_c.o
         2          0          0          0          0          0   libinit.o
        30          0          0          0          0          0   libinit2.o
         2          0          0          0          0          0   libshutdown.o
         2          0          0          0          0          0   libshutdown2.o
         8          4          0          0         96         68   libspace.o
        38          0          0          0          0         68   llshl.o
       138          0          0          0          0         80   lludiv10.o
        38          0          0          0          0         68   llushr.o
        16          4          0          0          0         76   rt_ctype_table.o
         8          4          0          0          0         68   rt_errno_addr_intlibspace.o
         8          4          0          0          0         68   rt_locale_intlibspace.o
        68          0          0          0          0         68   rt_memclr.o
        78          0          0          0          0         80   rt_memclr_w.o
         2          0          0          0          0          0   rtexit.o
        10          0          0          0          0          0   rtexit2.o
      1272         16          0          0          0        168   scanf_fp.o
       800         14          0          0          0        100   scanf_hexfp.o
       308         16          0          0          0        100   scanf_infnan.o
       128          0          0          0          0         68   strcmpv7m.o
        32          0          0          0          0         80   strcspn.o
        62          0          0          0          0         76   strlen.o
        86          0          0          0          0         76   strncpy.o
        28          0          0          0          0         80   strspn.o
        36          0          0          0          0         80   strstr.o
       164         14          0          0          0        120   strtod.o
        26          0          0          0          0         80   strtof.o
        12          6          0          4          0         68   strtok.o
        68          4          0          0          0         84   strtok_int.o
       112          0          0          0          0         88   strtol.o
        12          4          0          0          0         68   sys_exit.o
        74          0          0          0          0         80   sys_stackheap_outer.o
         2          0          0          0          0         68   use_no_semi.o
        36          4          0          0          0         76   vsprintf.o
        98          4          0          0          0         92   d2f.o
       804         16          0          0          0        272   daddsub_clz.o
        16          4          0          0          0         68   dcheck1.o
        24          0          0          0          0         68   dcmpi.o
       688        140          0          0          0        208   ddiv.o
       120          4          0          0          0         92   deqf.o
       120          4          0          0          0         92   dleqf.o
       340         12          0          0          0        104   dmul.o
       156          4          0          0          0         92   dnaninf.o
        12          0          0          0          0         68   dretinf.o
       108          0          0          0          0         80   drleqf.o
        86          4          0          0          0         84   f2d.o
       388         76          0          0          0         96   fdiv.o
        54          4          0          0          0         84   ffix.o
        38          0          0          0          0         68   fflt_clz.o
       140          4          0          0          0         84   fnaninf.o
         0          0         16          0          0          0   fpconst.o
        10          0          0          0          0         68   fretinf.o
         6          0          0          0          0         68   istatus.o
         4          0          0          0          0         68   printf1.o
         4          0          0          0          0         68   printf2.o
       100          0          0          0          0         68   retnan.o
        92          0          0          0          0         68   scalbn.o
         4          0          0          0          0         68   scanf1.o
         8          0          0          0          0         84   scanf2.o
        48          0          0          0          0         68   trapv.o
         0          0          0          0          0          0   usenofp.o
        30          6          0          0          0        136   dunder.o
        40          0          0          0          0         68   fpclassify.o
        88          8          0          0          0         76   frexp.o
       138          0          0          0          0        160   ldexp.o
       148          6          0          0          0        116   modf.o
       204          4          0          0          0        168   narrow.o
        20          0          0          0          0         76   strtof.o

    ----------------------------------------------------------------------
     14624        648        568          4        100       9312   Library Totals
        30          0          1          0          4          0   (incl. Padding)

    ----------------------------------------------------------------------

      Code (inc. data)   RO Data    RW Data    ZI Data      Debug   Library Name

     10458        348        551          4         96       6232   c_w.l
      3468        276         16          0          0       2280   fz_ws.l
       668         24          0          0          0        800   m_ws.l

    ----------------------------------------------------------------------
     14624        648        568          4        100       9312   Library Totals

    ----------------------------------------------------------------------

==============================================================================


      Code (inc. data)   RO Data    RW Data    ZI Data      Debug   

     23490       1544        966        124       2372     549518   Grand Totals
     23490       1544        966        124       2372     549518   ELF Image Totals
     23490       1544        966        124          0          0   ROM Totals

==============================================================================

    Total RO  Size (Code + RO Data)                24456 (  23.88kB)
    Total RW  Size (RW Data + ZI Data)              2496 (   2.44kB)
    Total ROM Size (Code + RO Data + RW Data)      24580 (  24.00kB)

==============================================================================

